Archive member included to satisfy reference by file (symbol)

c:/st/stm32cubeide_1.7.0/stm32cubeide/plugins/com.st.stm32cube.ide.mcu.externaltools.gnu-tools-for-stm32.9-2020-q2-update.win32_2.0.0.202105311346/tools/bin/../lib/gcc/arm-none-eabi/9.3.1/../../../../arm-none-eabi/lib/thumb/v7e-m+fp/hard\libc_nano.a(lib_a-errno.o)
                              ./Core/Src/syscalls.o (__errno)
c:/st/stm32cubeide_1.7.0/stm32cubeide/plugins/com.st.stm32cube.ide.mcu.externaltools.gnu-tools-for-stm32.9-2020-q2-update.win32_2.0.0.202105311346/tools/bin/../lib/gcc/arm-none-eabi/9.3.1/../../../../arm-none-eabi/lib/thumb/v7e-m+fp/hard\libc_nano.a(lib_a-exit.o)
                              c:/st/stm32cubeide_1.7.0/stm32cubeide/plugins/com.st.stm32cube.ide.mcu.externaltools.gnu-tools-for-stm32.9-2020-q2-update.win32_2.0.0.202105311346/tools/bin/../lib/gcc/arm-none-eabi/9.3.1/../../../../arm-none-eabi/lib/thumb/v7e-m+fp/hard/crt0.o (exit)
c:/st/stm32cubeide_1.7.0/stm32cubeide/plugins/com.st.stm32cube.ide.mcu.externaltools.gnu-tools-for-stm32.9-2020-q2-update.win32_2.0.0.202105311346/tools/bin/../lib/gcc/arm-none-eabi/9.3.1/../../../../arm-none-eabi/lib/thumb/v7e-m+fp/hard\libc_nano.a(lib_a-findfp.o)
                              ./Middlewares/Third_Party/FreeRTOS/Source/tasks.o (__sf_fake_stderr)
c:/st/stm32cubeide_1.7.0/stm32cubeide/plugins/com.st.stm32cube.ide.mcu.externaltools.gnu-tools-for-stm32.9-2020-q2-update.win32_2.0.0.202105311346/tools/bin/../lib/gcc/arm-none-eabi/9.3.1/../../../../arm-none-eabi/lib/thumb/v7e-m+fp/hard\libc_nano.a(lib_a-fwalk.o)
                              c:/st/stm32cubeide_1.7.0/stm32cubeide/plugins/com.st.stm32cube.ide.mcu.externaltools.gnu-tools-for-stm32.9-2020-q2-update.win32_2.0.0.202105311346/tools/bin/../lib/gcc/arm-none-eabi/9.3.1/../../../../arm-none-eabi/lib/thumb/v7e-m+fp/hard\libc_nano.a(lib_a-findfp.o) (_fwalk)
c:/st/stm32cubeide_1.7.0/stm32cubeide/plugins/com.st.stm32cube.ide.mcu.externaltools.gnu-tools-for-stm32.9-2020-q2-update.win32_2.0.0.202105311346/tools/bin/../lib/gcc/arm-none-eabi/9.3.1/../../../../arm-none-eabi/lib/thumb/v7e-m+fp/hard\libc_nano.a(lib_a-impure.o)
                              c:/st/stm32cubeide_1.7.0/stm32cubeide/plugins/com.st.stm32cube.ide.mcu.externaltools.gnu-tools-for-stm32.9-2020-q2-update.win32_2.0.0.202105311346/tools/bin/../lib/gcc/arm-none-eabi/9.3.1/../../../../arm-none-eabi/lib/thumb/v7e-m+fp/hard\libc_nano.a(lib_a-exit.o) (_global_impure_ptr)
c:/st/stm32cubeide_1.7.0/stm32cubeide/plugins/com.st.stm32cube.ide.mcu.externaltools.gnu-tools-for-stm32.9-2020-q2-update.win32_2.0.0.202105311346/tools/bin/../lib/gcc/arm-none-eabi/9.3.1/../../../../arm-none-eabi/lib/thumb/v7e-m+fp/hard\libc_nano.a(lib_a-init.o)
                              c:/st/stm32cubeide_1.7.0/stm32cubeide/plugins/com.st.stm32cube.ide.mcu.externaltools.gnu-tools-for-stm32.9-2020-q2-update.win32_2.0.0.202105311346/tools/bin/../lib/gcc/arm-none-eabi/9.3.1/../../../../arm-none-eabi/lib/thumb/v7e-m+fp/hard/crt0.o (__libc_init_array)
c:/st/stm32cubeide_1.7.0/stm32cubeide/plugins/com.st.stm32cube.ide.mcu.externaltools.gnu-tools-for-stm32.9-2020-q2-update.win32_2.0.0.202105311346/tools/bin/../lib/gcc/arm-none-eabi/9.3.1/../../../../arm-none-eabi/lib/thumb/v7e-m+fp/hard\libc_nano.a(lib_a-lock.o)
                              c:/st/stm32cubeide_1.7.0/stm32cubeide/plugins/com.st.stm32cube.ide.mcu.externaltools.gnu-tools-for-stm32.9-2020-q2-update.win32_2.0.0.202105311346/tools/bin/../lib/gcc/arm-none-eabi/9.3.1/../../../../arm-none-eabi/lib/thumb/v7e-m+fp/hard\libc_nano.a(lib_a-findfp.o) (__retarget_lock_init_recursive)
c:/st/stm32cubeide_1.7.0/stm32cubeide/plugins/com.st.stm32cube.ide.mcu.externaltools.gnu-tools-for-stm32.9-2020-q2-update.win32_2.0.0.202105311346/tools/bin/../lib/gcc/arm-none-eabi/9.3.1/../../../../arm-none-eabi/lib/thumb/v7e-m+fp/hard\libc_nano.a(lib_a-memcpy-stub.o)
                              ./Middlewares/Third_Party/FreeRTOS/Source/CMSIS_RTOS_V2/cmsis_os2.o (memcpy)
c:/st/stm32cubeide_1.7.0/stm32cubeide/plugins/com.st.stm32cube.ide.mcu.externaltools.gnu-tools-for-stm32.9-2020-q2-update.win32_2.0.0.202105311346/tools/bin/../lib/gcc/arm-none-eabi/9.3.1/../../../../arm-none-eabi/lib/thumb/v7e-m+fp/hard\libc_nano.a(lib_a-memset.o)
                              c:/st/stm32cubeide_1.7.0/stm32cubeide/plugins/com.st.stm32cube.ide.mcu.externaltools.gnu-tools-for-stm32.9-2020-q2-update.win32_2.0.0.202105311346/tools/bin/../lib/gcc/arm-none-eabi/9.3.1/../../../../arm-none-eabi/lib/thumb/v7e-m+fp/hard/crt0.o (memset)
c:/st/stm32cubeide_1.7.0/stm32cubeide/plugins/com.st.stm32cube.ide.mcu.externaltools.gnu-tools-for-stm32.9-2020-q2-update.win32_2.0.0.202105311346/tools/bin/../lib/gcc/arm-none-eabi/9.3.1/../../../../arm-none-eabi/lib/thumb/v7e-m+fp/hard\libc_nano.a(lib_a-nano-mallocr.o)
[...]
Memory Configuration

Name             Origin             Length             Attributes
RAM              0x0000000020000000 0x0000000000020000 xrw
FLASH            0x0000000008000000 0x0000000000080000 xr
*default*        0x0000000000000000 0xffffffffffffffff

Linker script and memory map

LOAD c:/st/stm32cubeide_1.7.0/stm32cubeide/plugins/com.st.stm32cube.ide.mcu.externaltools.gnu-tools-for-stm32.9-2020-q2-update.win32_2.0.0.202105311346/tools/bin/../lib/gcc/arm-none-eabi/9.3.1/thumb/v7e-m+fp/hard/crti.o
LOAD c:/st/stm32cubeide_1.7.0/stm32cubeide/plugins/com.st.stm32cube.ide.mcu.externaltools.gnu-tools-for-stm32.9-2020-q2-update.win32_2.0.0.202105311346/tools/bin/../lib/gcc/arm-none-eabi/9.3.1/thumb/v7e-m+fp/hard/crtbegin.o
LOAD c:/st/stm32cubeide_1.7.0/stm32cubeide/plugins/com.st.stm32cube.ide.mcu.externaltools.gnu-tools-for-stm32.9-2020-q2-update.win32_2.0.0.202105311346/tools/bin/../lib/gcc/arm-none-eabi/9.3.1/../../../../arm-none-eabi/lib/thumb/v7e-m+fp/hard/crt0.o
LOAD ./Core/Src/freertos.o
LOAD ./Core/Src/gpio.o
LOAD ./Core/Src/i2c.o
LOAD ./Core/Src/main.o
LOAD ./Core/Src/spi.o
LOAD ./Core/Src/stm32f4xx_hal_msp.o
LOAD ./Core/Src/stm32f4xx_hal_timebase_tim.o
LOAD ./Core/Src/stm32f4xx_it.o
LOAD ./Core/Src/syscalls.o
LOAD ./Core/Src/sysmem.o
LOAD ./Core/Src/system_stm32f4xx.o
LOAD ./Core/Src/usart.o
LOAD ./Core/Startup/startup_stm32f411vetx.o
LOAD ./Drivers/STM32F4xx_HAL_Driver/Src/stm32f4xx_hal.o
LOAD ./Drivers/STM32F4xx_HAL_Driver/Src/stm32f4xx_hal_cortex.o
LOAD ./Drivers/STM32F4xx_HAL_Driver/Src/stm32f4xx_hal_dma.o
LOAD ./Drivers/STM32F4xx_HAL_Driver/Src/stm32f4xx_hal_dma_ex.o
LOAD ./Drivers/STM32F4xx_HAL_Driver/Src/stm32f4xx_hal_exti.o
LOAD ./Drivers/STM32F4xx_HAL_Driver/Src/stm32f4xx_hal_flash.o
LOAD ./Drivers/STM32F4xx_HAL_Driver/Src/stm32f4xx_hal_flash_ex.o
LOAD ./Drivers/STM32F4xx_HAL_Driver/Src/stm32f4xx_hal_flash_ramfunc.o
LOAD ./Drivers/STM32F4xx_HAL_Driver/Src/stm32f4xx_hal_gpio.o
LOAD ./Drivers/STM32F4xx_HAL_Driver/Src/stm32f4xx_hal_i2c.o
LOAD ./Drivers/STM32F4xx_HAL_Driver/Src/stm32f4xx_hal_i2c_ex.o
LOAD ./Drivers/STM32F4xx_HAL_Driver/Src/stm32f4xx_hal_pwr.o
LOAD ./Drivers/STM32F4xx_HAL_Driver/Src/stm32f4xx_hal_pwr_ex.o
LOAD ./Drivers/STM32F4xx_HAL_Driver/Src/stm32f4xx_hal_rcc.o
LOAD ./Drivers/STM32F4xx_HAL_Driver/Src/stm32f4xx_hal_rcc_ex.o
LOAD ./Drivers/STM32F4xx_HAL_Driver/Src/stm32f4xx_hal_spi.o
LOAD ./Drivers/STM32F4xx_HAL_Driver/Src/stm32f4xx_hal_tim.o
LOAD ./Drivers/STM32F4xx_HAL_Driver/Src/stm32f4xx_hal_tim_ex.o
LOAD ./Drivers/STM32F4xx_HAL_Driver/Src/stm32f4xx_hal_uart.o
LOAD ./FATFS/App/fatfs.o
LOAD ./FATFS/Target/user_diskio.o
LOAD ./FATFS/Target/user_diskio_spi.o
LOAD ./Middlewares/Third_Party/FatFs/src/diskio.o
LOAD ./Middlewares/Third_Party/FatFs/src/ff.o
LOAD ./Middlewares/Third_Party/FatFs/src/ff_gen_drv.o
LOAD ./Middlewares/Third_Party/FatFs/src/option/syscall.o
LOAD ./Middlewares/Third_Party/FreeRTOS/Source/CMSIS_RTOS_V2/cmsis_os2.o
LOAD ./Middlewares/Third_Party/FreeRTOS/Source/croutine.o
LOAD ./Middlewares/Third_Party/FreeRTOS/Source/event_groups.o
LOAD ./Middlewares/Third_Party/FreeRTOS/Source/list.o
LOAD ./Middlewares/Third_Party/FreeRTOS/Source/queue.o
LOAD ./Middlewares/Third_Party/FreeRTOS/Source/stream_buffer.o
LOAD ./Middlewares/Third_Party/FreeRTOS/Source/tasks.o
LOAD ./Middlewares/Third_Party/FreeRTOS/Source/timers.o
LOAD ./Middlewares/Third_Party/FreeRTOS/Source/portable/GCC/ARM_CM4F/port.o
LOAD ./Middlewares/Third_Party/FreeRTOS/Source/portable/MemMang/heap_4.o
START GROUP
LOAD c:/st/stm32cubeide_1.7.0/stm32cubeide/plugins/com.st.stm32cube.ide.mcu.externaltools.gnu-tools-for-stm32.9-2020-q2-update.win32_2.0.0.202105311346/tools/bin/../lib/gcc/arm-none-eabi/9.3.1/../../../../arm-none-eabi/lib/thumb/v7e-m+fp/hard\libc_nano.a
LOAD c:/st/stm32cubeide_1.7.0/stm32cubeide/plugins/com.st.stm32cube.ide.mcu.externaltools.gnu-tools-for-stm32.9-2020-q2-update.win32_2.0.0.202105311346/tools/bin/../lib/gcc/arm-none-eabi/9.3.1/../../../../arm-none-eabi/lib/thumb/v7e-m+fp/hard\libm.a
END GROUP
START GROUP
LOAD c:/st/stm32cubeide_1.7.0/stm32cubeide/plugins/com.st.stm32cube.ide.mcu.externaltools.gnu-tools-for-stm32.9-2020-q2-update.win32_2.0.0.202105311346/tools/bin/../lib/gcc/arm-none-eabi/9.3.1/thumb/v7e-m+fp/hard\libgcc.a
LOAD c:/st/stm32cubeide_1.7.0/stm32cubeide/plugins/com.st.stm32cube.ide.mcu.externaltools.gnu-tools-for-stm32.9-2020-q2-update.win32_2.0.0.202105311346/tools/bin/../lib/gcc/arm-none-eabi/9.3.1/../../../../arm-none-eabi/lib/thumb/v7e-m+fp/hard\libc_nano.a
END GROUP
START GROUP
LOAD c:/st/stm32cubeide_1.7.0/stm32cubeide/plugins/com.st.stm32cube.ide.mcu.externaltools.gnu-tools-for-stm32.9-2020-q2-update.win32_2.0.0.202105311346/tools/bin/../lib/gcc/arm-none-eabi/9.3.1/thumb/v7e-m+fp/hard\libgcc.a
LOAD c:/st/stm32cubeide_1.7.0/stm32cubeide/plugins/com.st.stm32cube.ide.mcu.externaltools.gnu-tools-for-stm32.9-2020-q2-update.win32_2.0.0.202105311346/tools/bin/../lib/gcc/arm-none-eabi/9.3.1/../../../../arm-none-eabi/lib/thumb/v7e-m+fp/hard\libc_nano.a
LOAD c:/st/stm32cubeide_1.7.0/stm32cubeide/plugins/com.st.stm32cube.ide.mcu.externaltools.gnu-tools-for-stm32.9-2020-q2-update.win32_2.0.0.202105311346/tools/bin/../lib/gcc/arm-none-eabi/9.3.1/../../../../arm-none-eabi/lib/thumb/v7e-m+fp/hard\libnosys.a
END GROUP
START GROUP
LOAD c:/st/stm32cubeide_1.7.0/stm32cubeide/plugins/com.st.stm32cube.ide.mcu.externaltools.gnu-tools-for-stm32.9-2020-q2-update.win32_2.0.0.202105311346/tools/bin/../lib/gcc/arm-none-eabi/9.3.1/thumb/v7e-m+fp/hard\libgcc.a
LOAD c:/st/stm32cubeide_1.7.0/stm32cubeide/plugins/com.st.stm32cube.ide.mcu.externaltools.gnu-tools-for-stm32.9-2020-q2-update.win32_2.0.0.202105311346/tools/bin/../lib/gcc/arm-none-eabi/9.3.1/../../../../arm-none-eabi/lib/thumb/v7e-m+fp/hard\libc_nano.a
LOAD c:/st/stm32cubeide_1.7.0/stm32cubeide/plugins/com.st.stm32cube.ide.mcu.externaltools.gnu-tools-for-stm32.9-2020-q2-update.win32_2.0.0.202105311346/tools/bin/../lib/gcc/arm-none-eabi/9.3.1/../../../../arm-none-eabi/lib/thumb/v7e-m+fp/hard\libnosys.a
END GROUP
LOAD c:/st/stm32cubeide_1.7.0/stm32cubeide/plugins/com.st.stm32cube.ide.mcu.externaltools.gnu-tools-for-stm32.9-2020-q2-update.win32_2.0.0.202105311346/tools/bin/../lib/gcc/arm-none-eabi/9.3.1/thumb/v7e-m+fp/hard/crtend.o
LOAD c:/st/stm32cubeide_1.7.0/stm32cubeide/plugins/com.st.stm32cube.ide.mcu.externaltools.gnu-tools-for-stm32.9-2020-q2-update.win32_2.0.0.202105311346/tools/bin/../lib/gcc/arm-none-eabi/9.3.1/thumb/v7e-m+fp/hard/crtn.o
                0x0000000020020000                _estack = (ORIGIN (RAM) + LENGTH (RAM))
                0x0000000000000200                _Min_Heap_Size = 0x200
                0x0000000000000400                _Min_Stack_Size = 0x400

.isr_vector     0x0000000008000000      0x198
                0x0000000008000000                . = ALIGN (0x4)
 *(.isr_vector)
 .isr_vector    0x0000000008000000      0x198 ./Core/Startup/startup_stm32f411vetx.o
                0x0000000008000000                g_pfnVectors
                0x0000000008000198                . = ALIGN (0x4)

.text           0x00000000080001a0     0xd378
                0x00000000080001a0                . = ALIGN (0x4)
 *(.text)
 .text          0x00000000080001a0       0x40 c:/st/stm32cubeide_1.7.0/stm32cubeide/plugins/com.st.stm32cube.ide.mcu.externaltools.gnu-tools-for-stm32.9-2020-q2-update.win32_2.0.0.202105311346/tools/bin/../lib/gcc/arm-none-eabi/9.3.1/thumb/v7e-m+fp/hard/crtbegin.o
 .text          0x00000000080001e0       0x14 c:/st/stm32cubeide_1.7.0/stm32cubeide/plugins/com.st.stm32cube.ide.mcu.externaltools.gnu-tools-for-stm32.9-2020-q2-update.win32_2.0.0.202105311346/tools/bin/../lib/gcc/arm-none-eabi/9.3.1/../../../../arm-none-eabi/lib/thumb/v7e-m+fp/hard\libc_nano.a(lib_a-strcmp.o)
                0x00000000080001e0                strcmp
 .text          0x00000000080001f4       0x10 c:/st/stm32cubeide_1.7.0/stm32cubeide/plugins/com.st.stm32cube.ide.mcu.externaltools.gnu-tools-for-stm32.9-2020-q2-update.win32_2.0.0.202105311346/tools/bin/../lib/gcc/arm-none-eabi/9.3.1/../../../../arm-none-eabi/lib/thumb/v7e-m+fp/hard\libc_nano.a(lib_a-strlen.o)
                0x00000000080001f4                strlen
 *fill*         0x0000000008000204        0xc 
 .text          0x0000000008000210       0xa0 c:/st/stm32cubeide_1.7.0/stm32cubeide/plugins/com.st.stm32cube.ide.mcu.externaltools.gnu-tools-for-stm32.9-2020-q2-update.win32_2.0.0.202105311346/tools/bin/../lib/gcc/arm-none-eabi/9.3.1/../../../../arm-none-eabi/lib/thumb/v7e-m+fp/hard\libc_nano.a(lib_a-memchr.o)
                0x0000000008000210                memchr
 .text          0x00000000080002b0       0x30 c:/st/stm32cubeide_1.7.0/stm32cubeide/plugins/com.st.stm32cube.ide.mcu.externaltools.gnu-tools-for-stm32.9-2020-q2-update.win32_2.0.0.202105311346/tools/bin/../lib/gcc/arm-none-eabi/9.3.1/thumb/v7e-m+fp/hard\libgcc.a(_aeabi_uldivmod.o)
                0x00000000080002b0                __aeabi_uldivmod
 .text          0x00000000080002e0      0x2c4 c:/st/stm32cubeide_1.7.0/stm32cubeide/plugins/com.st.stm32cube.ide.mcu.externaltools.gnu-tools-for-stm32.9-2020-q2-update.win32_2.0.0.202105311346/tools/bin/../lib/gcc/arm-none-eabi/9.3.1/thumb/v7e-m+fp/hard\libgcc.a(_udivmoddi4.o)
                0x00000000080002e0                __udivmoddi4
 .text          0x00000000080005a4        0x4 c:/st/stm32cubeide_1.7.0/stm32cubeide/plugins/com.st.stm32cube.ide.mcu.externaltools.gnu-tools-for-stm32.9-2020-q2-update.win32_2.0.0.202105311346/tools/bin/../lib/gcc/arm-none-eabi/9.3.1/thumb/v7e-m+fp/hard\libgcc.a(_dvmd_tls.o)
                0x00000000080005a4                __aeabi_idiv0
                0x00000000080005a4                __aeabi_ldiv0
 *(.text*)
 .text.MX_FREERTOS_Init
                0x00000000080005a8      0x200 ./Core/Src/freertos.o
                0x00000000080005a8                MX_FREERTOS_Init
 .text.StartDefaultTask
                0x00000000080007a8       0x10 ./Core/Src/freertos.o
                0x00000000080007a8                StartDefaultTask
 .text.startRxDataThread
                0x00000000080007b8      0x1ac ./Core/Src/freertos.o
                0x00000000080007b8                startRxDataThread
 .text.startTxDataThread
                0x0000000008000964      0x188 ./Core/Src/freertos.o
                0x0000000008000964                startTxDataThread
 .text.startTelemetryThread
                0x0000000008000aec      0x1e0 ./Core/Src/freertos.o
                0x0000000008000aec                startTelemetryThread
 .text.accTimerCallback
                0x0000000008000ccc       0x50 ./Core/Src/freertos.o
                0x0000000008000ccc                accTimerCallback
 .text.temperatureTimerCallback
                0x0000000008000d1c       0x58 ./Core/Src/freertos.o
                0x0000000008000d1c                temperatureTimerCallback
 .text.HAL_UART_RxCpltCallback
                0x0000000008000d74       0xc0 ./Core/Src/freertos.o
                0x0000000008000d74                HAL_UART_RxCpltCallback
 .text.MX_GPIO_Init
                0x0000000008000e34      0x2a0 ./Core/Src/gpio.o
                0x0000000008000e34                MX_GPIO_Init
 .text.MX_I2C1_Init
                0x00000000080010d4       0x5c ./Core/Src/i2c.o
                0x00000000080010d4                MX_I2C1_Init
 .text.HAL_I2C_MspInit
                0x0000000008001130       0x90 ./Core/Src/i2c.o
                0x0000000008001130                HAL_I2C_MspInit
 .text.main     0x00000000080011c0       0x4c ./Core/Src/main.o
                0x00000000080011c0                main
 .text.SystemClock_Config
                0x000000000800120c       0xd0 ./Core/Src/main.o
                0x000000000800120c                SystemClock_Config
 .text.HAL_TIM_PeriodElapsedCallback
                0x00000000080012dc       0x24 ./Core/Src/main.o
                0x00000000080012dc                HAL_TIM_PeriodElapsedCallback
 .text.Error_Handler
                0x0000000008001300        0xa ./Core/Src/main.o
                0x0000000008001300                Error_Handler
 .text.assert_failed
                0x000000000800130a       0x16 ./Core/Src/main.o
                0x000000000800130a                assert_failed
 .text.MX_SPI1_Init
                0x0000000008001320       0x6c ./Core/Src/spi.o
                0x0000000008001320                MX_SPI1_Init
 .text.HAL_SPI_MspInit
                0x000000000800138c       0x90 ./Core/Src/spi.o
                0x000000000800138c                HAL_SPI_MspInit
 .text.HAL_MspInit
                0x000000000800141c       0x58 ./Core/Src/stm32f4xx_hal_msp.o
                0x000000000800141c                HAL_MspInit
 .text.HAL_InitTick
                0x0000000008001474       0xb4 ./Core/Src/stm32f4xx_hal_timebase_tim.o
                0x0000000008001474                HAL_InitTick
 .text.NMI_Handler
                0x0000000008001528        0x6 ./Core/Src/stm32f4xx_it.o
                0x0000000008001528                NMI_Handler
 .text.HardFault_Handler
                0x000000000800152e        0x6 ./Core/Src/stm32f4xx_it.o
                0x000000000800152e                HardFault_Handler
 .text.MemManage_Handler
                0x0000000008001534        0x6 ./Core/Src/stm32f4xx_it.o
                0x0000000008001534                MemManage_Handler
 .text.BusFault_Handler
                0x000000000800153a        0x6 ./Core/Src/stm32f4xx_it.o
                0x000000000800153a                BusFault_Handler
 .text.UsageFault_Handler
                0x0000000008001540        0x6 ./Core/Src/stm32f4xx_it.o
                0x0000000008001540                UsageFault_Handler
 .text.DebugMon_Handler
                0x0000000008001546        0xe ./Core/Src/stm32f4xx_it.o
                0x0000000008001546                DebugMon_Handler
 .text.USART1_IRQHandler
                0x0000000008001554       0x14 ./Core/Src/stm32f4xx_it.o
                0x0000000008001554                USART1_IRQHandler
 .text.USART2_IRQHandler
                0x0000000008001568       0x14 ./Core/Src/stm32f4xx_it.o
                0x0000000008001568                USART2_IRQHandler
 .text.TIM5_IRQHandler
                0x000000000800157c       0x14 ./Core/Src/stm32f4xx_it.o
                0x000000000800157c                TIM5_IRQHandler
 .text._sbrk    0x0000000008001590       0x6c ./Core/Src/sysmem.o
                0x0000000008001590                _sbrk
 .text.SystemInit
                0x00000000080015fc       0x24 ./Core/Src/system_stm32f4xx.o
                0x00000000080015fc                SystemInit
 .text.MX_USART1_UART_Init
                0x0000000008001620       0x54 ./Core/Src/usart.o
                0x0000000008001620                MX_USART1_UART_Init
 .text.MX_USART2_UART_Init
                0x0000000008001674       0x54 ./Core/Src/usart.o
                0x0000000008001674                MX_USART2_UART_Init
 .text.HAL_UART_MspInit
                0x00000000080016c8      0x158 ./Core/Src/usart.o
                0x00000000080016c8                HAL_UART_MspInit
 .text.Reset_Handler
                0x0000000008001820       0x50 ./Core/Startup/startup_stm32f411vetx.o
                0x0000000008001820                Reset_Handler
 .text.Default_Handler
                0x0000000008001870        0x2 ./Core/Startup/startup_stm32f411vetx.o
                0x0000000008001870                RTC_Alarm_IRQHandler
                0x0000000008001870                EXTI2_IRQHandler
                0x0000000008001870                SPI4_IRQHandler
                0x0000000008001870                TIM1_CC_IRQHandler
                0x0000000008001870                DMA2_Stream5_IRQHandler
                0x0000000008001870                DMA1_Stream5_IRQHandler
                0x0000000008001870                PVD_IRQHandler
                0x0000000008001870                SDIO_IRQHandler
                0x0000000008001870                TAMP_STAMP_IRQHandler
                0x0000000008001870                EXTI3_IRQHandler
                0x0000000008001870                TIM1_UP_TIM10_IRQHandler
                0x0000000008001870                I2C3_ER_IRQHandler
                0x0000000008001870                EXTI0_IRQHandler
                0x0000000008001870                I2C2_EV_IRQHandler
                0x0000000008001870                DMA1_Stream2_IRQHandler
                0x0000000008001870                FPU_IRQHandler
                0x0000000008001870                DMA2_Stream2_IRQHandler
                0x0000000008001870                SPI1_IRQHandler
                0x0000000008001870                TIM1_BRK_TIM9_IRQHandler
                0x0000000008001870                DMA2_Stream3_IRQHandler
                0x0000000008001870                USART6_IRQHandler
                0x0000000008001870                DMA2_Stream0_IRQHandler
                0x0000000008001870                TIM4_IRQHandler
                0x0000000008001870                I2C1_EV_IRQHandler
                0x0000000008001870                DMA1_Stream6_IRQHandler
                0x0000000008001870                DMA1_Stream1_IRQHandler
                0x0000000008001870                TIM3_IRQHandler
                0x0000000008001870                RCC_IRQHandler
                0x0000000008001870                Default_Handler
                0x0000000008001870                EXTI15_10_IRQHandler
                0x0000000008001870                ADC_IRQHandler
                0x0000000008001870                DMA1_Stream7_IRQHandler
                0x0000000008001870                SPI5_IRQHandler
                0x0000000008001870                DMA2_Stream7_IRQHandler
                0x0000000008001870                I2C3_EV_IRQHandler
                0x0000000008001870                EXTI9_5_IRQHandler
                0x0000000008001870                RTC_WKUP_IRQHandler
                0x0000000008001870                SPI2_IRQHandler
                0x0000000008001870                DMA1_Stream0_IRQHandler
                0x0000000008001870                EXTI4_IRQHandler
                0x0000000008001870                WWDG_IRQHandler
                0x0000000008001870                TIM2_IRQHandler
                0x0000000008001870                OTG_FS_WKUP_IRQHandler
                0x0000000008001870                TIM1_TRG_COM_TIM11_IRQHandler
                0x0000000008001870                EXTI1_IRQHandler
                0x0000000008001870                I2C2_ER_IRQHandler
                0x0000000008001870                DMA2_Stream1_IRQHandler
                0x0000000008001870                FLASH_IRQHandler
                0x0000000008001870                DMA2_Stream4_IRQHandler
                0x0000000008001870                OTG_FS_IRQHandler
                0x0000000008001870                SPI3_IRQHandler
                0x0000000008001870                DMA1_Stream4_IRQHandler
                0x0000000008001870                I2C1_ER_IRQHandler
                0x0000000008001870                DMA2_Stream6_IRQHandler
                0x0000000008001870                DMA1_Stream3_IRQHandler
 *fill*         0x0000000008001872        0x2 
 .text.HAL_Init
                0x0000000008001874       0x44 ./Drivers/STM32F4xx_HAL_Driver/Src/stm32f4xx_hal.o
                0x0000000008001874                HAL_Init
 .text.HAL_IncTick
                0x00000000080018b8       0x28 ./Drivers/STM32F4xx_HAL_Driver/Src/stm32f4xx_hal.o
                0x00000000080018b8                HAL_IncTick
 .text.HAL_GetTick
                0x00000000080018e0       0x18 ./Drivers/STM32F4xx_HAL_Driver/Src/stm32f4xx_hal.o
                0x00000000080018e0                HAL_GetTick
 .text.HAL_Delay
                0x00000000080018f8       0x48 ./Drivers/STM32F4xx_HAL_Driver/Src/stm32f4xx_hal.o
                0x00000000080018f8                HAL_Delay
 .text.__NVIC_SetPriorityGrouping
                0x0000000008001940       0x48 ./Drivers/STM32F4xx_HAL_Driver/Src/stm32f4xx_hal_cortex.o
 .text.__NVIC_GetPriorityGrouping
                0x0000000008001988       0x1c ./Drivers/STM32F4xx_HAL_Driver/Src/stm32f4xx_hal_cortex.o
 .text.__NVIC_EnableIRQ
                0x00000000080019a4       0x3c ./Drivers/STM32F4xx_HAL_Driver/Src/stm32f4xx_hal_cortex.o
 .text.__NVIC_SetPriority
                0x00000000080019e0       0x54 ./Drivers/STM32F4xx_HAL_Driver/Src/stm32f4xx_hal_cortex.o
 .text.NVIC_EncodePriority
                0x0000000008001a34       0x66 ./Drivers/STM32F4xx_HAL_Driver/Src/stm32f4xx_hal_cortex.o
 *fill*         0x0000000008001a9a        0x2 
 .text.HAL_NVIC_SetPriorityGrouping
                0x0000000008001a9c       0x40 ./Drivers/STM32F4xx_HAL_Driver/Src/stm32f4xx_hal_cortex.o
                0x0000000008001a9c                HAL_NVIC_SetPriorityGrouping
 .text.HAL_NVIC_SetPriority
                0x0000000008001adc       0x58 ./Drivers/STM32F4xx_HAL_Driver/Src/stm32f4xx_hal_cortex.o
                0x0000000008001adc                HAL_NVIC_SetPriority
 .text.HAL_NVIC_EnableIRQ
                0x0000000008001b34       0x30 ./Drivers/STM32F4xx_HAL_Driver/Src/stm32f4xx_hal_cortex.o
                0x0000000008001b34                HAL_NVIC_EnableIRQ
 .text.HAL_DMA_Abort
                0x0000000008001b64       0xe0 ./Drivers/STM32F4xx_HAL_Driver/Src/stm32f4xx_hal_dma.o
                0x0000000008001b64                HAL_DMA_Abort
 .text.HAL_DMA_Abort_IT
                0x0000000008001c44       0x44 ./Drivers/STM32F4xx_HAL_Driver/Src/stm32f4xx_hal_dma.o
                0x0000000008001c44                HAL_DMA_Abort_IT
 .text.HAL_GPIO_Init
                0x0000000008001c88      0x538 ./Drivers/STM32F4xx_HAL_Driver/Src/stm32f4xx_hal_gpio.o
                0x0000000008001c88                HAL_GPIO_Init
 .text.HAL_GPIO_WritePin
                0x00000000080021c0       0x64 ./Drivers/STM32F4xx_HAL_Driver/Src/stm32f4xx_hal_gpio.o
                0x00000000080021c0                HAL_GPIO_WritePin
 .text.HAL_I2C_Init
                0x0000000008002224      0x398 ./Drivers/STM32F4xx_HAL_Driver/Src/stm32f4xx_hal_i2c.o
                0x0000000008002224                HAL_I2C_Init
 .text.HAL_RCC_OscConfig
                0x00000000080025bc      0x650 ./Drivers/STM32F4xx_HAL_Driver/Src/stm32f4xx_hal_rcc.o
                0x00000000080025bc                HAL_RCC_OscConfig
 .text.HAL_RCC_ClockConfig
                0x0000000008002c0c      0x31c ./Drivers/STM32F4xx_HAL_Driver/Src/stm32f4xx_hal_rcc.o
                0x0000000008002c0c                HAL_RCC_ClockConfig
 .text.HAL_RCC_GetSysClockFreq
                0x0000000008002f28      0x1c4 ./Drivers/STM32F4xx_HAL_Driver/Src/stm32f4xx_hal_rcc.o
                0x0000000008002f28                HAL_RCC_GetSysClockFreq
 .text.HAL_RCC_GetHCLKFreq
                0x00000000080030ec       0x18 ./Drivers/STM32F4xx_HAL_Driver/Src/stm32f4xx_hal_rcc.o
                0x00000000080030ec                HAL_RCC_GetHCLKFreq
 .text.HAL_RCC_GetPCLK1Freq
                0x0000000008003104       0x28 ./Drivers/STM32F4xx_HAL_Driver/Src/stm32f4xx_hal_rcc.o
                0x0000000008003104                HAL_RCC_GetPCLK1Freq
 .text.HAL_RCC_GetPCLK2Freq
                0x000000000800312c       0x28 ./Drivers/STM32F4xx_HAL_Driver/Src/stm32f4xx_hal_rcc.o
                0x000000000800312c                HAL_RCC_GetPCLK2Freq
 .text.HAL_RCC_GetClockConfig
                0x0000000008003154       0x64 ./Drivers/STM32F4xx_HAL_Driver/Src/stm32f4xx_hal_rcc.o
                0x0000000008003154                HAL_RCC_GetClockConfig
 .text.HAL_SPI_Init
                0x00000000080031b8      0x338 ./Drivers/STM32F4xx_HAL_Driver/Src/stm32f4xx_hal_spi.o
                0x00000000080031b8                HAL_SPI_Init
 .text.HAL_SPI_TransmitReceive
                0x00000000080034f0      0x35c ./Drivers/STM32F4xx_HAL_Driver/Src/stm32f4xx_hal_spi.o
                0x00000000080034f0                HAL_SPI_TransmitReceive
 .text.SPI_WaitFlagStateUntilTimeout
                0x000000000800384c      0x110 ./Drivers/STM32F4xx_HAL_Driver/Src/stm32f4xx_hal_spi.o
 .text.SPI_EndRxTxTransaction
                0x000000000800395c       0x84 ./Drivers/STM32F4xx_HAL_Driver/Src/stm32f4xx_hal_spi.o
 .text.HAL_TIM_Base_Init
                0x00000000080039e0      0x18c ./Drivers/STM32F4xx_HAL_Driver/Src/stm32f4xx_hal_tim.o
                0x00000000080039e0                HAL_TIM_Base_Init
 .text.HAL_TIM_Base_MspInit
                0x0000000008003b6c       0x14 ./Drivers/STM32F4xx_HAL_Driver/Src/stm32f4xx_hal_tim.o
                0x0000000008003b6c                HAL_TIM_Base_MspInit
 .text.HAL_TIM_Base_Start_IT
                0x0000000008003b80      0x124 ./Drivers/STM32F4xx_HAL_Driver/Src/stm32f4xx_hal_tim.o
                0x0000000008003b80                HAL_TIM_Base_Start_IT
 .text.HAL_TIM_IRQHandler
                0x0000000008003ca4      0x210 ./Drivers/STM32F4xx_HAL_Driver/Src/stm32f4xx_hal_tim.o
                0x0000000008003ca4                HAL_TIM_IRQHandler
 .text.HAL_TIM_OC_DelayElapsedCallback
                0x0000000008003eb4       0x14 ./Drivers/STM32F4xx_HAL_Driver/Src/stm32f4xx_hal_tim.o
                0x0000000008003eb4                HAL_TIM_OC_DelayElapsedCallback
 .text.HAL_TIM_IC_CaptureCallback
                0x0000000008003ec8       0x14 ./Drivers/STM32F4xx_HAL_Driver/Src/stm32f4xx_hal_tim.o
                0x0000000008003ec8                HAL_TIM_IC_CaptureCallback
 .text.HAL_TIM_PWM_PulseFinishedCallback
                0x0000000008003edc       0x14 ./Drivers/STM32F4xx_HAL_Driver/Src/stm32f4xx_hal_tim.o
                0x0000000008003edc                HAL_TIM_PWM_PulseFinishedCallback
 .text.HAL_TIM_TriggerCallback
                0x0000000008003ef0       0x14 ./Drivers/STM32F4xx_HAL_Driver/Src/stm32f4xx_hal_tim.o
                0x0000000008003ef0                HAL_TIM_TriggerCallback
 .text.TIM_Base_SetConfig
                0x0000000008003f04      0x100 ./Drivers/STM32F4xx_HAL_Driver/Src/stm32f4xx_hal_tim.o
                0x0000000008003f04                TIM_Base_SetConfig
 .text.HAL_TIMEx_CommutCallback
                0x0000000008004004       0x14 ./Drivers/STM32F4xx_HAL_Driver/Src/stm32f4xx_hal_tim_ex.o
                0x0000000008004004                HAL_TIMEx_CommutCallback
 .text.HAL_TIMEx_BreakCallback
                0x0000000008004018       0x14 ./Drivers/STM32F4xx_HAL_Driver/Src/stm32f4xx_hal_tim_ex.o
                0x0000000008004018                HAL_TIMEx_BreakCallback
 .text.HAL_UART_Init
                0x000000000800402c      0x16c ./Drivers/STM32F4xx_HAL_Driver/Src/stm32f4xx_hal_uart.o
                0x000000000800402c                HAL_UART_Init
 .text.HAL_UART_Transmit
                0x0000000008004198      0x124 ./Drivers/STM32F4xx_HAL_Driver/Src/stm32f4xx_hal_uart.o
                0x0000000008004198                HAL_UART_Transmit
 .text.HAL_UART_Receive
                0x00000000080042bc      0x144 ./Drivers/STM32F4xx_HAL_Driver/Src/stm32f4xx_hal_uart.o
                0x00000000080042bc                HAL_UART_Receive
 .text.HAL_UART_Receive_IT
                0x0000000008004400       0x60 ./Drivers/STM32F4xx_HAL_Driver/Src/stm32f4xx_hal_uart.o
                0x0000000008004400                HAL_UART_Receive_IT
 .text.HAL_UART_IRQHandler
                0x0000000008004460      0x51c ./Drivers/STM32F4xx_HAL_Driver/Src/stm32f4xx_hal_uart.o
                0x0000000008004460                HAL_UART_IRQHandler
 .text.HAL_UART_TxCpltCallback
                0x000000000800497c       0x14 ./Drivers/STM32F4xx_HAL_Driver/Src/stm32f4xx_hal_uart.o
                0x000000000800497c                HAL_UART_TxCpltCallback
 .text.HAL_UART_ErrorCallback
                0x0000000008004990       0x14 ./Drivers/STM32F4xx_HAL_Driver/Src/stm32f4xx_hal_uart.o
                0x0000000008004990                HAL_UART_ErrorCallback
 .text.HAL_UARTEx_RxEventCallback
                0x00000000080049a4       0x18 ./Drivers/STM32F4xx_HAL_Driver/Src/stm32f4xx_hal_uart.o
                0x00000000080049a4                HAL_UARTEx_RxEventCallback
 .text.UART_WaitOnFlagUntilTimeout
                0x00000000080049bc       0xdc ./Drivers/STM32F4xx_HAL_Driver/Src/stm32f4xx_hal_uart.o
 .text.UART_Start_Receive_IT
                0x0000000008004a98       0x74 ./Drivers/STM32F4xx_HAL_Driver/Src/stm32f4xx_hal_uart.o
                0x0000000008004a98                UART_Start_Receive_IT
 .text.UART_EndRxTransfer
                0x0000000008004b0c       0xc6 ./Drivers/STM32F4xx_HAL_Driver/Src/stm32f4xx_hal_uart.o
 .text.UART_DMAAbortOnError
                0x0000000008004bd2       0x28 ./Drivers/STM32F4xx_HAL_Driver/Src/stm32f4xx_hal_uart.o
 .text.UART_Transmit_IT
                0x0000000008004bfa       0xa0 ./Drivers/STM32F4xx_HAL_Driver/Src/stm32f4xx_hal_uart.o
 .text.UART_EndTransmit_IT
                0x0000000008004c9a       0x30 ./Drivers/STM32F4xx_HAL_Driver/Src/stm32f4xx_hal_uart.o
 .text.UART_Receive_IT
                0x0000000008004cca      0x176 ./Drivers/STM32F4xx_HAL_Driver/Src/stm32f4xx_hal_uart.o
 .text.UART_SetConfig
                0x0000000008004e40      0x414 ./Drivers/STM32F4xx_HAL_Driver/Src/stm32f4xx_hal_uart.o
 .text.MX_FATFS_Init
                0x0000000008005254       0x24 ./FATFS/App/fatfs.o
                0x0000000008005254                MX_FATFS_Init
 .text.get_fattime
                0x0000000008005278       0x10 ./FATFS/App/fatfs.o
                0x0000000008005278                get_fattime
 .text.USER_initialize
                0x0000000008005288       0x1c ./FATFS/Target/user_diskio.o
                0x0000000008005288                USER_initialize
 .text.USER_status
                0x00000000080052a4       0x1c ./FATFS/Target/user_diskio.o
                0x00000000080052a4                USER_status
 .text.USER_read
                0x00000000080052c0       0x26 ./FATFS/Target/user_diskio.o
                0x00000000080052c0                USER_read
 .text.USER_write
                0x00000000080052e6       0x26 ./FATFS/Target/user_diskio.o
                0x00000000080052e6                USER_write
 .text.USER_ioctl
                0x000000000800530c       0x26 ./FATFS/Target/user_diskio.o
                0x000000000800530c                USER_ioctl
 *fill*         0x0000000008005332        0x2 
 .text.SPI_Timer_On
                0x0000000008005334       0x28 ./FATFS/Target/user_diskio_spi.o
                0x0000000008005334                SPI_Timer_On
 .text.SPI_Timer_Status
                0x000000000800535c       0x2c ./FATFS/Target/user_diskio_spi.o
                0x000000000800535c                SPI_Timer_Status
 .text.xchg_spi
                0x0000000008005388       0x2c ./FATFS/Target/user_diskio_spi.o
 .text.rcvr_spi_multi
                0x00000000080053b4       0x38 ./FATFS/Target/user_diskio_spi.o
 .text.xmit_spi_multi
                0x00000000080053ec       0x36 ./FATFS/Target/user_diskio_spi.o
 .text.wait_ready
                0x0000000008005422       0x46 ./FATFS/Target/user_diskio_spi.o
 .text.despiselect
                0x0000000008005468       0x1c ./FATFS/Target/user_diskio_spi.o
 .text.spiselect
                0x0000000008005484       0x34 ./FATFS/Target/user_diskio_spi.o
 .text.rcvr_datablock
                0x00000000080054b8       0x52 ./FATFS/Target/user_diskio_spi.o
 .text.xmit_datablock
                0x000000000800550a       0x64 ./FATFS/Target/user_diskio_spi.o
 .text.send_cmd
                0x000000000800556e       0xde ./FATFS/Target/user_diskio_spi.o
 .text.USER_SPI_initialize
                0x000000000800564c      0x1d8 ./FATFS/Target/user_diskio_spi.o
                0x000000000800564c                USER_SPI_initialize
 .text.USER_SPI_status
                0x0000000008005824       0x2c ./FATFS/Target/user_diskio_spi.o
                0x0000000008005824                USER_SPI_status
 .text.USER_SPI_read
                0x0000000008005850       0xcc ./FATFS/Target/user_diskio_spi.o
                0x0000000008005850                USER_SPI_read
 .text.USER_SPI_write
                0x000000000800591c       0xf8 ./FATFS/Target/user_diskio_spi.o
                0x000000000800591c                USER_SPI_write
 .text.USER_SPI_ioctl
                0x0000000008005a14      0x2e0 ./FATFS/Target/user_diskio_spi.o
                0x0000000008005a14                USER_SPI_ioctl
 .text.disk_status
                0x0000000008005cf4       0x34 ./Middlewares/Third_Party/FatFs/src/diskio.o
                0x0000000008005cf4                disk_status
 .text.disk_initialize
                0x0000000008005d28       0x4c ./Middlewares/Third_Party/FatFs/src/diskio.o
                0x0000000008005d28                disk_initialize
 .text.disk_read
                0x0000000008005d74       0x40 ./Middlewares/Third_Party/FatFs/src/diskio.o
                0x0000000008005d74                disk_read
 .text.disk_write
                0x0000000008005db4       0x40 ./Middlewares/Third_Party/FatFs/src/diskio.o
                0x0000000008005db4                disk_write
 .text.disk_ioctl
                0x0000000008005df4       0x3c ./Middlewares/Third_Party/FatFs/src/diskio.o
                0x0000000008005df4                disk_ioctl
 .text.ld_word  0x0000000008005e30       0x30 ./Middlewares/Third_Party/FatFs/src/ff.o
 .text.ld_dword
                0x0000000008005e60       0x46 ./Middlewares/Third_Party/FatFs/src/ff.o
 .text.st_word  0x0000000008005ea6       0x36 ./Middlewares/Third_Party/FatFs/src/ff.o
 .text.st_dword
                0x0000000008005edc       0x58 ./Middlewares/Third_Party/FatFs/src/ff.o
 .text.mem_cpy  0x0000000008005f34       0x42 ./Middlewares/Third_Party/FatFs/src/ff.o
 .text.mem_set  0x0000000008005f76       0x36 ./Middlewares/Third_Party/FatFs/src/ff.o
 .text.mem_cmp  0x0000000008005fac       0x4e ./Middlewares/Third_Party/FatFs/src/ff.o
 .text.chk_chr  0x0000000008005ffa       0x36 ./Middlewares/Third_Party/FatFs/src/ff.o
 .text.lock_fs  0x0000000008006030       0x2c ./Middlewares/Third_Party/FatFs/src/ff.o
 .text.unlock_fs
                0x000000000800605c       0x36 ./Middlewares/Third_Party/FatFs/src/ff.o
 *fill*         0x0000000008006092        0x2 
 .text.chk_lock
                0x0000000008006094       0xb8 ./Middlewares/Third_Party/FatFs/src/ff.o
 .text.enq_lock
                0x000000000800614c       0x44 ./Middlewares/Third_Party/FatFs/src/ff.o
 .text.inc_lock
                0x0000000008006190      0x11c ./Middlewares/Third_Party/FatFs/src/ff.o
 .text.dec_lock
                0x00000000080062ac       0x78 ./Middlewares/Third_Party/FatFs/src/ff.o
 .text.clear_lock
                0x0000000008006324       0x48 ./Middlewares/Third_Party/FatFs/src/ff.o
 .text.sync_window
                0x000000000800636c       0x88 ./Middlewares/Third_Party/FatFs/src/ff.o
 .text.move_window
                0x00000000080063f4       0x5a ./Middlewares/Third_Party/FatFs/src/ff.o
 *fill*         0x000000000800644e        0x2 
 .text.sync_fs  0x0000000008006450       0xdc ./Middlewares/Third_Party/FatFs/src/ff.o
 .text.clust2sect
                0x000000000800652c       0x3e ./Middlewares/Third_Party/FatFs/src/ff.o
 .text.get_fat  0x000000000800656a      0x150 ./Middlewares/Third_Party/FatFs/src/ff.o
 .text.put_fat  0x00000000080066ba      0x1d8 ./Middlewares/Third_Party/FatFs/src/ff.o
 .text.remove_chain
                0x0000000008006892       0xca ./Middlewares/Third_Party/FatFs/src/ff.o
 .text.create_chain
                0x000000000800695c      0x130 ./Middlewares/Third_Party/FatFs/src/ff.o
 .text.clmt_clust
                0x0000000008006a8c       0x68 ./Middlewares/Third_Party/FatFs/src/ff.o
 .text.dir_sdi  0x0000000008006af4       0xf6 ./Middlewares/Third_Party/FatFs/src/ff.o
 .text.dir_next
                0x0000000008006bea      0x18a ./Middlewares/Third_Party/FatFs/src/ff.o
 .text.dir_alloc
                0x0000000008006d74       0x8e ./Middlewares/Third_Party/FatFs/src/ff.o
 .text.ld_clust
                0x0000000008006e02       0x3e ./Middlewares/Third_Party/FatFs/src/ff.o
 .text.st_clust
                0x0000000008006e40       0x40 ./Middlewares/Third_Party/FatFs/src/ff.o
 .text.dir_read
                0x0000000008006e80       0xba ./Middlewares/Third_Party/FatFs/src/ff.o
 .text.dir_find
                0x0000000008006f3a       0xaa ./Middlewares/Third_Party/FatFs/src/ff.o
 .text.dir_register
                0x0000000008006fe4       0x64 ./Middlewares/Third_Party/FatFs/src/ff.o
 .text.dir_remove
                0x0000000008007048       0x3c ./Middlewares/Third_Party/FatFs/src/ff.o
 .text.create_name
                0x0000000008007084      0x128 ./Middlewares/Third_Party/FatFs/src/ff.o
 .text.follow_path
                0x00000000080071ac       0xe2 ./Middlewares/Third_Party/FatFs/src/ff.o
 .text.get_ldnumber
                0x000000000800728e       0x88 ./Middlewares/Third_Party/FatFs/src/ff.o
 *fill*         0x0000000008007316        0x2 
 .text.check_fs
                0x0000000008007318       0xac ./Middlewares/Third_Party/FatFs/src/ff.o
 .text.find_volume
                0x00000000080073c4      0x4a8 ./Middlewares/Third_Party/FatFs/src/ff.o
 .text.validate
                0x000000000800786c       0x8e ./Middlewares/Third_Party/FatFs/src/ff.o
 *fill*         0x00000000080078fa        0x2 
 .text.f_mount  0x00000000080078fc       0xc8 ./Middlewares/Third_Party/FatFs/src/ff.o
                0x00000000080078fc                f_mount
 .text.f_open   0x00000000080079c4      0x38a ./Middlewares/Third_Party/FatFs/src/ff.o
                0x00000000080079c4                f_open
 .text.f_read   0x0000000008007d4e      0x2dc ./Middlewares/Third_Party/FatFs/src/ff.o
                0x0000000008007d4e                f_read
 .text.f_write  0x000000000800802a      0x348 ./Middlewares/Third_Party/FatFs/src/ff.o
                0x000000000800802a                f_write
 .text.f_sync   0x0000000008008372      0x112 ./Middlewares/Third_Party/FatFs/src/ff.o
                0x0000000008008372                f_sync
 .text.f_close  0x0000000008008484       0x5e ./Middlewares/Third_Party/FatFs/src/ff.o
                0x0000000008008484                f_close
 .text.f_lseek  0x00000000080084e2      0x4a6 ./Middlewares/Third_Party/FatFs/src/ff.o
                0x00000000080084e2                f_lseek
 .text.f_unlink
                0x0000000008008988      0x164 ./Middlewares/Third_Party/FatFs/src/ff.o
                0x0000000008008988                f_unlink
 .text.FATFS_LinkDriverEx
                0x0000000008008aec       0x98 ./Middlewares/Third_Party/FatFs/src/ff_gen_drv.o
                0x0000000008008aec                FATFS_LinkDriverEx
 .text.FATFS_LinkDriver
                0x0000000008008b84       0x1e ./Middlewares/Third_Party/FatFs/src/ff_gen_drv.o
                0x0000000008008b84                FATFS_LinkDriver
 .text.ff_cre_syncobj
                0x0000000008008ba2       0x36 ./Middlewares/Third_Party/FatFs/src/option/syscall.o
                0x0000000008008ba2                ff_cre_syncobj
 .text.ff_del_syncobj
                0x0000000008008bd8       0x18 ./Middlewares/Third_Party/FatFs/src/option/syscall.o
                0x0000000008008bd8                ff_del_syncobj
 .text.ff_req_grant
                0x0000000008008bf0       0x2a ./Middlewares/Third_Party/FatFs/src/option/syscall.o
                0x0000000008008bf0                ff_req_grant
 .text.ff_rel_grant
                0x0000000008008c1a       0x16 ./Middlewares/Third_Party/FatFs/src/option/syscall.o
                0x0000000008008c1a                ff_rel_grant
 .text.__NVIC_SetPriority
                0x0000000008008c30       0x54 ./Middlewares/Third_Party/FreeRTOS/Source/CMSIS_RTOS_V2/cmsis_os2.o
 .text.SysTick_Handler
                0x0000000008008c84       0x20 ./Middlewares/Third_Party/FreeRTOS/Source/CMSIS_RTOS_V2/cmsis_os2.o
                0x0000000008008c84                SysTick_Handler
 .text.SVC_Setup
                0x0000000008008ca4       0x12 ./Middlewares/Third_Party/FreeRTOS/Source/CMSIS_RTOS_V2/cmsis_os2.o
 *fill*         0x0000000008008cb6        0x2 
 .text.osKernelInitialize
                0x0000000008008cb8       0x48 ./Middlewares/Third_Party/FreeRTOS/Source/CMSIS_RTOS_V2/cmsis_os2.o
                0x0000000008008cb8                osKernelInitialize
 .text.osKernelStart
                0x0000000008008d00       0x4c ./Middlewares/Third_Party/FreeRTOS/Source/CMSIS_RTOS_V2/cmsis_os2.o
                0x0000000008008d00                osKernelStart
 .text.osThreadNew
                0x0000000008008d4c      0x124 ./Middlewares/Third_Party/FreeRTOS/Source/CMSIS_RTOS_V2/cmsis_os2.o
                0x0000000008008d4c                osThreadNew
 .text.osDelay  0x0000000008008e70       0x36 ./Middlewares/Third_Party/FreeRTOS/Source/CMSIS_RTOS_V2/cmsis_os2.o
                0x0000000008008e70                osDelay
 .text.TimerCallback
                0x0000000008008ea6       0x2a ./Middlewares/Third_Party/FreeRTOS/Source/CMSIS_RTOS_V2/cmsis_os2.o
 .text.osTimerNew
                0x0000000008008ed0       0xf8 ./Middlewares/Third_Party/FreeRTOS/Source/CMSIS_RTOS_V2/cmsis_os2.o
                0x0000000008008ed0                osTimerNew
 .text.osTimerStart
                0x0000000008008fc8       0x5c ./Middlewares/Third_Party/FreeRTOS/Source/CMSIS_RTOS_V2/cmsis_os2.o
                0x0000000008008fc8                osTimerStart
 .text.osMutexNew
                0x0000000008009024      0x10c ./Middlewares/Third_Party/FreeRTOS/Source/CMSIS_RTOS_V2/cmsis_os2.o
                0x0000000008009024                osMutexNew
 .text.osMutexAcquire
                0x0000000008009130       0x96 ./Middlewares/Third_Party/FreeRTOS/Source/CMSIS_RTOS_V2/cmsis_os2.o
                0x0000000008009130                osMutexAcquire
 .text.osMutexRelease
                0x00000000080091c6       0x7a ./Middlewares/Third_Party/FreeRTOS/Source/CMSIS_RTOS_V2/cmsis_os2.o
                0x00000000080091c6                osMutexRelease
 .text.osSemaphoreNew
                0x0000000008009240      0x112 ./Middlewares/Third_Party/FreeRTOS/Source/CMSIS_RTOS_V2/cmsis_os2.o
                0x0000000008009240                osSemaphoreNew
 *fill*         0x0000000008009352        0x2 
 .text.osSemaphoreAcquire
                0x0000000008009354       0xa4 ./Middlewares/Third_Party/FreeRTOS/Source/CMSIS_RTOS_V2/cmsis_os2.o
                0x0000000008009354                osSemaphoreAcquire
 .text.osSemaphoreRelease
                0x00000000080093f8       0x88 ./Middlewares/Third_Party/FreeRTOS/Source/CMSIS_RTOS_V2/cmsis_os2.o
                0x00000000080093f8                osSemaphoreRelease
 .text.osSemaphoreDelete
                0x0000000008009480       0x48 ./Middlewares/Third_Party/FreeRTOS/Source/CMSIS_RTOS_V2/cmsis_os2.o
                0x0000000008009480                osSemaphoreDelete
 .text.osMessageQueueNew
                0x00000000080094c8       0xe6 ./Middlewares/Third_Party/FreeRTOS/Source/CMSIS_RTOS_V2/cmsis_os2.o
                0x00000000080094c8                osMessageQueueNew
 *fill*         0x00000000080095ae        0x2 
 .text.osMessageQueuePut
                0x00000000080095b0       0xc0 ./Middlewares/Third_Party/FreeRTOS/Source/CMSIS_RTOS_V2/cmsis_os2.o
                0x00000000080095b0                osMessageQueuePut
 .text.osMessageQueueGet
                0x0000000008009670       0xbc ./Middlewares/Third_Party/FreeRTOS/Source/CMSIS_RTOS_V2/cmsis_os2.o
                0x0000000008009670                osMessageQueueGet
 .text.vApplicationGetIdleTaskMemory
                0x000000000800972c       0x34 ./Middlewares/Third_Party/FreeRTOS/Source/CMSIS_RTOS_V2/cmsis_os2.o
                0x000000000800972c                vApplicationGetIdleTaskMemory
 .text.vApplicationGetTimerTaskMemory
                0x0000000008009760       0x34 ./Middlewares/Third_Party/FreeRTOS/Source/CMSIS_RTOS_V2/cmsis_os2.o
                0x0000000008009760                vApplicationGetTimerTaskMemory
 .text.vListInitialise
                0x0000000008009794       0x40 ./Middlewares/Third_Party/FreeRTOS/Source/list.o
                0x0000000008009794                vListInitialise
 .text.vListInitialiseItem
                0x00000000080097d4       0x1a ./Middlewares/Third_Party/FreeRTOS/Source/list.o
                0x00000000080097d4                vListInitialiseItem
 .text.vListInsertEnd
                0x00000000080097ee       0x48 ./Middlewares/Third_Party/FreeRTOS/Source/list.o
                0x00000000080097ee                vListInsertEnd
 .text.vListInsert
                0x0000000008009836       0x72 ./Middlewares/Third_Party/FreeRTOS/Source/list.o
                0x0000000008009836                vListInsert
 .text.uxListRemove
                0x00000000080098a8       0x54 ./Middlewares/Third_Party/FreeRTOS/Source/list.o
                0x00000000080098a8                uxListRemove
 .text.xQueueGenericReset
                0x00000000080098fc       0xd0 ./Middlewares/Third_Party/FreeRTOS/Source/queue.o
                0x00000000080098fc                xQueueGenericReset
 .text.xQueueGenericCreateStatic
                0x00000000080099cc       0xf0 ./Middlewares/Third_Party/FreeRTOS/Source/queue.o
                0x00000000080099cc                xQueueGenericCreateStatic
 .text.xQueueGenericCreate
                0x0000000008009abc       0x74 ./Middlewares/Third_Party/FreeRTOS/Source/queue.o
                0x0000000008009abc                xQueueGenericCreate
 .text.prvInitialiseNewQueue
                0x0000000008009b30       0x46 ./Middlewares/Third_Party/FreeRTOS/Source/queue.o
 .text.prvInitialiseMutex
                0x0000000008009b76       0x34 ./Middlewares/Third_Party/FreeRTOS/Source/queue.o
 .text.xQueueCreateMutex
                0x0000000008009baa       0x30 ./Middlewares/Third_Party/FreeRTOS/Source/queue.o
                0x0000000008009baa                xQueueCreateMutex
 .text.xQueueCreateMutexStatic
                0x0000000008009bda       0x36 ./Middlewares/Third_Party/FreeRTOS/Source/queue.o
                0x0000000008009bda                xQueueCreateMutexStatic
 .text.xQueueGiveMutexRecursive
                0x0000000008009c10       0x68 ./Middlewares/Third_Party/FreeRTOS/Source/queue.o
                0x0000000008009c10                xQueueGiveMutexRecursive
 .text.xQueueTakeMutexRecursive
                0x0000000008009c78       0x6c ./Middlewares/Third_Party/FreeRTOS/Source/queue.o
                0x0000000008009c78                xQueueTakeMutexRecursive
 .text.xQueueCreateCountingSemaphoreStatic
                0x0000000008009ce4       0x6e ./Middlewares/Third_Party/FreeRTOS/Source/queue.o
                0x0000000008009ce4                xQueueCreateCountingSemaphoreStatic
 .text.xQueueCreateCountingSemaphore
                0x0000000008009d52       0x66 ./Middlewares/Third_Party/FreeRTOS/Source/queue.o
                0x0000000008009d52                xQueueCreateCountingSemaphore
 .text.xQueueGenericSend
                0x0000000008009db8      0x1fc ./Middlewares/Third_Party/FreeRTOS/Source/queue.o
                0x0000000008009db8                xQueueGenericSend
 .text.xQueueGenericSendFromISR
                0x0000000008009fb4      0x136 ./Middlewares/Third_Party/FreeRTOS/Source/queue.o
                0x0000000008009fb4                xQueueGenericSendFromISR
 .text.xQueueGiveFromISR
                0x000000000800a0ea      0x11a ./Middlewares/Third_Party/FreeRTOS/Source/queue.o
                0x000000000800a0ea                xQueueGiveFromISR
 .text.xQueueReceive
                0x000000000800a204      0x1c0 ./Middlewares/Third_Party/FreeRTOS/Source/queue.o
                0x000000000800a204                xQueueReceive
 .text.xQueueSemaphoreTake
                0x000000000800a3c4      0x218 ./Middlewares/Third_Party/FreeRTOS/Source/queue.o
                0x000000000800a3c4                xQueueSemaphoreTake
 .text.xQueueReceiveFromISR
                0x000000000800a5dc      0x100 ./Middlewares/Third_Party/FreeRTOS/Source/queue.o
                0x000000000800a5dc                xQueueReceiveFromISR
 .text.vQueueDelete
                0x000000000800a6dc       0x46 ./Middlewares/Third_Party/FreeRTOS/Source/queue.o
                0x000000000800a6dc                vQueueDelete
 .text.prvGetDisinheritPriorityAfterTimeout
                0x000000000800a722       0x30 ./Middlewares/Third_Party/FreeRTOS/Source/queue.o
 .text.prvCopyDataToQueue
                0x000000000800a752       0xd4 ./Middlewares/Third_Party/FreeRTOS/Source/queue.o
 .text.prvCopyDataFromQueue
                0x000000000800a826       0x4c ./Middlewares/Third_Party/FreeRTOS/Source/queue.o
 .text.prvUnlockQueue
                0x000000000800a872       0xa4 ./Middlewares/Third_Party/FreeRTOS/Source/queue.o
 .text.prvIsQueueEmpty
                0x000000000800a916       0x2c ./Middlewares/Third_Party/FreeRTOS/Source/queue.o
 .text.prvIsQueueFull
                0x000000000800a942       0x30 ./Middlewares/Third_Party/FreeRTOS/Source/queue.o
 *fill*         0x000000000800a972        0x2 
 .text.vQueueAddToRegistry
                0x000000000800a974       0x54 ./Middlewares/Third_Party/FreeRTOS/Source/queue.o
                0x000000000800a974                vQueueAddToRegistry
 .text.vQueueUnregisterQueue
                0x000000000800a9c8       0x54 ./Middlewares/Third_Party/FreeRTOS/Source/queue.o
                0x000000000800a9c8                vQueueUnregisterQueue
 .text.vQueueWaitForMessageRestricted
                0x000000000800aa1c       0x68 ./Middlewares/Third_Party/FreeRTOS/Source/queue.o
                0x000000000800aa1c                vQueueWaitForMessageRestricted
 .text.xTaskCreateStatic
                0x000000000800aa84       0xba ./Middlewares/Third_Party/FreeRTOS/Source/tasks.o
                0x000000000800aa84                xTaskCreateStatic
 .text.xTaskCreate
                0x000000000800ab3e       0x8a ./Middlewares/Third_Party/FreeRTOS/Source/tasks.o
                0x000000000800ab3e                xTaskCreate
 .text.prvInitialiseNewTask
                0x000000000800abc8      0x14c ./Middlewares/Third_Party/FreeRTOS/Source/tasks.o
 .text.prvAddNewTaskToReadyList
                0x000000000800ad14       0xe0 ./Middlewares/Third_Party/FreeRTOS/Source/tasks.o
 .text.vTaskDelay
                0x000000000800adf4       0x68 ./Middlewares/Third_Party/FreeRTOS/Source/tasks.o
                0x000000000800adf4                vTaskDelay
 .text.vTaskStartScheduler
                0x000000000800ae5c       0xe0 ./Middlewares/Third_Party/FreeRTOS/Source/tasks.o
                0x000000000800ae5c                vTaskStartScheduler
 .text.vTaskSuspendAll
                0x000000000800af3c       0x1c ./Middlewares/Third_Party/FreeRTOS/Source/tasks.o
                0x000000000800af3c                vTaskSuspendAll
 .text.xTaskResumeAll
                0x000000000800af58      0x13c ./Middlewares/Third_Party/FreeRTOS/Source/tasks.o
                0x000000000800af58                xTaskResumeAll
 .text.xTaskGetTickCount
                0x000000000800b094       0x20 ./Middlewares/Third_Party/FreeRTOS/Source/tasks.o
                0x000000000800b094                xTaskGetTickCount
 .text.xTaskIncrementTick
                0x000000000800b0b4      0x174 ./Middlewares/Third_Party/FreeRTOS/Source/tasks.o
                0x000000000800b0b4                xTaskIncrementTick
 .text.vTaskSwitchContext
                0x000000000800b228       0xc8 ./Middlewares/Third_Party/FreeRTOS/Source/tasks.o
                0x000000000800b228                vTaskSwitchContext
 .text.vTaskPlaceOnEventList
                0x000000000800b2f0       0x48 ./Middlewares/Third_Party/FreeRTOS/Source/tasks.o
                0x000000000800b2f0                vTaskPlaceOnEventList
 .text.vTaskPlaceOnEventListRestricted
                0x000000000800b338       0x58 ./Middlewares/Third_Party/FreeRTOS/Source/tasks.o
                0x000000000800b338                vTaskPlaceOnEventListRestricted
 .text.xTaskRemoveFromEventList
                0x000000000800b390       0xc8 ./Middlewares/Third_Party/FreeRTOS/Source/tasks.o
                0x000000000800b390                xTaskRemoveFromEventList
 .text.vTaskInternalSetTimeOutState
                0x000000000800b458       0x2c ./Middlewares/Third_Party/FreeRTOS/Source/tasks.o
                0x000000000800b458                vTaskInternalSetTimeOutState
 .text.xTaskCheckForTimeOut
                0x000000000800b484       0xc4 ./Middlewares/Third_Party/FreeRTOS/Source/tasks.o
                0x000000000800b484                xTaskCheckForTimeOut
 .text.vTaskMissedYield
                0x000000000800b548       0x18 ./Middlewares/Third_Party/FreeRTOS/Source/tasks.o
                0x000000000800b548                vTaskMissedYield
 .text.prvIdleTask
                0x000000000800b560       0x30 ./Middlewares/Third_Party/FreeRTOS/Source/tasks.o
 .text.prvInitialiseTaskLists
                0x000000000800b590       0x80 ./Middlewares/Third_Party/FreeRTOS/Source/tasks.o
 .text.prvCheckTasksWaitingTermination
                0x000000000800b610       0x5c ./Middlewares/Third_Party/FreeRTOS/Source/tasks.o
 .text.prvDeleteTCB
                0x000000000800b66c       0x68 ./Middlewares/Third_Party/FreeRTOS/Source/tasks.o
 .text.prvResetNextTaskUnblockTime
                0x000000000800b6d4       0x40 ./Middlewares/Third_Party/FreeRTOS/Source/tasks.o
 .text.xTaskGetCurrentTaskHandle
                0x000000000800b714       0x20 ./Middlewares/Third_Party/FreeRTOS/Source/tasks.o
                0x000000000800b714                xTaskGetCurrentTaskHandle
 .text.xTaskGetSchedulerState
                0x000000000800b734       0x3c ./Middlewares/Third_Party/FreeRTOS/Source/tasks.o
                0x000000000800b734                xTaskGetSchedulerState
 .text.xTaskPriorityInherit
                0x000000000800b770       0xd0 ./Middlewares/Third_Party/FreeRTOS/Source/tasks.o
                0x000000000800b770                xTaskPriorityInherit
 .text.xTaskPriorityDisinherit
                0x000000000800b840       0xdc ./Middlewares/Third_Party/FreeRTOS/Source/tasks.o
                0x000000000800b840                xTaskPriorityDisinherit
 .text.vTaskPriorityDisinheritAfterTimeout
                0x000000000800b91c      0x104 ./Middlewares/Third_Party/FreeRTOS/Source/tasks.o
                0x000000000800b91c                vTaskPriorityDisinheritAfterTimeout
 .text.pvTaskIncrementMutexHeldCount
                0x000000000800ba20       0x28 ./Middlewares/Third_Party/FreeRTOS/Source/tasks.o
                0x000000000800ba20                pvTaskIncrementMutexHeldCount
 .text.prvAddCurrentTaskToDelayedList
                0x000000000800ba48       0xa8 ./Middlewares/Third_Party/FreeRTOS/Source/tasks.o
 .text.xTimerCreateTimerTask
                0x000000000800baf0       0x90 ./Middlewares/Third_Party/FreeRTOS/Source/timers.o
                0x000000000800baf0                xTimerCreateTimerTask
 .text.xTimerCreate
                0x000000000800bb80       0x42 ./Middlewares/Third_Party/FreeRTOS/Source/timers.o
                0x000000000800bb80                xTimerCreate
 .text.xTimerCreateStatic
                0x000000000800bbc2       0x7c ./Middlewares/Third_Party/FreeRTOS/Source/timers.o
                0x000000000800bbc2                xTimerCreateStatic
 .text.prvInitialiseNewTimer
                0x000000000800bc3e       0x76 ./Middlewares/Third_Party/FreeRTOS/Source/timers.o
 .text.xTimerGenericCommand
                0x000000000800bcb4       0x9c ./Middlewares/Third_Party/FreeRTOS/Source/timers.o
                0x000000000800bcb4                xTimerGenericCommand
 .text.prvProcessExpiredTimer
                0x000000000800bd50       0x98 ./Middlewares/Third_Party/FreeRTOS/Source/timers.o
 .text.prvTimerTask
                0x000000000800bde8       0x24 ./Middlewares/Third_Party/FreeRTOS/Source/timers.o
 .text.prvProcessTimerOrBlockTask
                0x000000000800be0c       0x9c ./Middlewares/Third_Party/FreeRTOS/Source/timers.o
 .text.prvGetNextExpireTime
                0x000000000800bea8       0x48 ./Middlewares/Third_Party/FreeRTOS/Source/timers.o
 .text.prvSampleTimeNow
                0x000000000800bef0       0x40 ./Middlewares/Third_Party/FreeRTOS/Source/timers.o
 .text.prvInsertTimerInActiveList
                0x000000000800bf30       0x84 ./Middlewares/Third_Party/FreeRTOS/Source/timers.o
 .text.prvProcessReceivedCommands
                0x000000000800bfb4      0x1c4 ./Middlewares/Third_Party/FreeRTOS/Source/timers.o
 .text.prvSwitchTimerLists
                0x000000000800c178       0xc8 ./Middlewares/Third_Party/FreeRTOS/Source/timers.o
 .text.prvCheckForValidListAndQueue
                0x000000000800c240       0x80 ./Middlewares/Third_Party/FreeRTOS/Source/timers.o
 .text.pvTimerGetTimerID
                0x000000000800c2c0       0x40 ./Middlewares/Third_Party/FreeRTOS/Source/timers.o
                0x000000000800c2c0                pvTimerGetTimerID
 .text.pxPortInitialiseStack
                0x000000000800c300       0x68 ./Middlewares/Third_Party/FreeRTOS/Source/portable/GCC/ARM_CM4F/port.o
                0x000000000800c300                pxPortInitialiseStack
 .text.prvTaskExitError
                0x000000000800c368       0x58 ./Middlewares/Third_Party/FreeRTOS/Source/portable/GCC/ARM_CM4F/port.o
 .text.SVC_Handler
                0x000000000800c3c0       0x28 ./Middlewares/Third_Party/FreeRTOS/Source/portable/GCC/ARM_CM4F/port.o
                0x000000000800c3c0                SVC_Handler
 .text.prvPortStartFirstTask
                0x000000000800c3e8       0x28 ./Middlewares/Third_Party/FreeRTOS/Source/portable/GCC/ARM_CM4F/port.o
 .text.xPortStartScheduler
                0x000000000800c410      0x144 ./Middlewares/Third_Party/FreeRTOS/Source/portable/GCC/ARM_CM4F/port.o
                0x000000000800c410                xPortStartScheduler
 .text.vPortEnterCritical
                0x000000000800c554       0x60 ./Middlewares/Third_Party/FreeRTOS/Source/portable/GCC/ARM_CM4F/port.o
                0x000000000800c554                vPortEnterCritical
 .text.vPortExitCritical
                0x000000000800c5b4       0x54 ./Middlewares/Third_Party/FreeRTOS/Source/portable/GCC/ARM_CM4F/port.o
                0x000000000800c5b4                vPortExitCritical
 *fill*         0x000000000800c608        0x8 
 .text.PendSV_Handler
                0x000000000800c610       0x68 ./Middlewares/Third_Party/FreeRTOS/Source/portable/GCC/ARM_CM4F/port.o
                0x000000000800c610                PendSV_Handler
 .text.xPortSysTickHandler
                0x000000000800c678       0x44 ./Middlewares/Third_Party/FreeRTOS/Source/portable/GCC/ARM_CM4F/port.o
                0x000000000800c678                xPortSysTickHandler
 .text.vPortSetupTimerInterrupt
                0x000000000800c6bc       0x48 ./Middlewares/Third_Party/FreeRTOS/Source/portable/GCC/ARM_CM4F/port.o
                0x000000000800c6bc                vPortSetupTimerInterrupt
 .text.vPortEnableVFP
                0x000000000800c704       0x14 ./Middlewares/Third_Party/FreeRTOS/Source/portable/GCC/ARM_CM4F/port.o
 .text.vPortValidateInterruptPriority
                0x000000000800c718       0x80 ./Middlewares/Third_Party/FreeRTOS/Source/portable/GCC/ARM_CM4F/port.o
                0x000000000800c718                vPortValidateInterruptPriority
 .text.pvPortMalloc
                0x000000000800c798      0x198 ./Middlewares/Third_Party/FreeRTOS/Source/portable/MemMang/heap_4.o
                0x000000000800c798                pvPortMalloc
 .text.vPortFree
                0x000000000800c930       0xc4 ./Middlewares/Third_Party/FreeRTOS/Source/portable/MemMang/heap_4.o
                0x000000000800c930                vPortFree
 .text.prvHeapInit
                0x000000000800c9f4       0xc4 ./Middlewares/Third_Party/FreeRTOS/Source/portable/MemMang/heap_4.o
 .text.prvInsertBlockIntoFreeList
                0x000000000800cab8       0xb4 ./Middlewares/Third_Party/FreeRTOS/Source/portable/MemMang/heap_4.o
 .text.__errno  0x000000000800cb6c        0xc c:/st/stm32cubeide_1.7.0/stm32cubeide/plugins/com.st.stm32cube.ide.mcu.externaltools.gnu-tools-for-stm32.9-2020-q2-update.win32_2.0.0.202105311346/tools/bin/../lib/gcc/arm-none-eabi/9.3.1/../../../../arm-none-eabi/lib/thumb/v7e-m+fp/hard\libc_nano.a(lib_a-errno.o)
                0x000000000800cb6c                __errno
 .text.__libc_init_array
                0x000000000800cb78       0x48 c:/st/stm32cubeide_1.7.0/stm32cubeide/plugins/com.st.stm32cube.ide.mcu.externaltools.gnu-tools-for-stm32.9-2020-q2-update.win32_2.0.0.202105311346/tools/bin/../lib/gcc/arm-none-eabi/9.3.1/../../../../arm-none-eabi/lib/thumb/v7e-m+fp/hard\libc_nano.a(lib_a-init.o)
                0x000000000800cb78                __libc_init_array
 .text.__retarget_lock_acquire_recursive
                0x000000000800cbc0        0x2 c:/st/stm32cubeide_1.7.0/stm32cubeide/plugins/com.st.stm32cube.ide.mcu.externaltools.gnu-tools-for-stm32.9-2020-q2-update.win32_2.0.0.202105311346/tools/bin/../lib/gcc/arm-none-eabi/9.3.1/../../../../arm-none-eabi/lib/thumb/v7e-m+fp/hard\libc_nano.a(lib_a-lock.o)
                0x000000000800cbc0                __retarget_lock_acquire_recursive
 .text.__retarget_lock_release_recursive
                0x000000000800cbc2        0x2 c:/st/stm32cubeide_1.7.0/stm32cubeide/plugins/com.st.stm32cube.ide.mcu.externaltools.gnu-tools-for-stm32.9-2020-q2-update.win32_2.0.0.202105311346/tools/bin/../lib/gcc/arm-none-eabi/9.3.1/../../../../arm-none-eabi/lib/thumb/v7e-m+fp/hard\libc_nano.a(lib_a-lock.o)
                0x000000000800cbc2                __retarget_lock_release_recursive
 .text.memcpy   0x000000000800cbc4       0x1c c:/st/stm32cubeide_1.7.0/stm32cubeide/plugins/com.st.stm32cube.ide.mcu.externaltools.gnu-tools-for-stm32.9-2020-q2-update.win32_2.0.0.202105311346/tools/bin/../lib/gcc/arm-none-eabi/9.3.1/../../../../arm-none-eabi/lib/thumb/v7e-m+fp/hard\libc_nano.a(lib_a-memcpy-stub.o)
                0x000000000800cbc4                memcpy
 .text.memset   0x000000000800cbe0       0x10 c:/st/stm32cubeide_1.7.0/stm32cubeide/plugins/com.st.stm32cube.ide.mcu.externaltools.gnu-tools-for-stm32.9-2020-q2-update.win32_2.0.0.202105311346/tools/bin/../lib/gcc/arm-none-eabi/9.3.1/../../../../arm-none-eabi/lib/thumb/v7e-m+fp/hard\libc_nano.a(lib_a-memset.o)
                0x000000000800cbe0                memset
 .text._malloc_r
                0x000000000800cbf0       0xb4 c:/st/stm32cubeide_1.7.0/stm32cubeide/plugins/com.st.stm32cube.ide.mcu.externaltools.gnu-tools-for-stm32.9-2020-q2-update.win32_2.0.0.202105311346/tools/bin/../lib/gcc/arm-none-eabi/9.3.1/../../../../arm-none-eabi/lib/thumb/v7e-m+fp/hard\libc_nano.a(lib_a-nano-mallocr.o)
                0x000000000800cbf0                _malloc_r
 .text.cleanup_glue
                0x000000000800cca4       0x1a c:/st/stm32cubeide_1.7.0/stm32cubeide/plugins/com.st.stm32cube.ide.mcu.externaltools.gnu-tools-for-stm32.9-2020-q2-update.win32_2.0.0.202105311346/tools/bin/../lib/gcc/arm-none-eabi/9.3.1/../../../../arm-none-eabi/lib/thumb/v7e-m+fp/hard\libc_nano.a(lib_a-reent.o)
                0x000000000800cca4                cleanup_glue
 *fill*         0x000000000800ccbe        0x2 
 .text._reclaim_reent
                0x000000000800ccc0       0xb8 c:/st/stm32cubeide_1.7.0/stm32cubeide/plugins/com.st.stm32cube.ide.mcu.externaltools.gnu-tools-for-stm32.9-2020-q2-update.win32_2.0.0.202105311346/tools/bin/../lib/gcc/arm-none-eabi/9.3.1/../../../../arm-none-eabi/lib/thumb/v7e-m+fp/hard\libc_nano.a(lib_a-reent.o)
                0x000000000800ccc0                _reclaim_reent
 .text._sbrk_r  0x000000000800cd78       0x20 c:/st/stm32cubeide_1.7.0/stm32cubeide/plugins/com.st.stm32cube.ide.mcu.externaltools.gnu-tools-for-stm32.9-2020-q2-update.win32_2.0.0.202105311346/tools/bin/../lib/gcc/arm-none-eabi/9.3.1/../../../../arm-none-eabi/lib/thumb/v7e-m+fp/hard\libc_nano.a(lib_a-sbrkr.o)
                0x000000000800cd78                _sbrk_r
 .text.sprintf  0x000000000800cd98       0x40 c:/st/stm32cubeide_1.7.0/stm32cubeide/plugins/com.st.stm32cube.ide.mcu.externaltools.gnu-tools-for-stm32.9-2020-q2-update.win32_2.0.0.202105311346/tools/bin/../lib/gcc/arm-none-eabi/9.3.1/../../../../arm-none-eabi/lib/thumb/v7e-m+fp/hard\libc_nano.a(lib_a-sprintf.o)
                0x000000000800cd98                siprintf
                0x000000000800cd98                sprintf
 .text.__malloc_lock
                0x000000000800cdd8        0xc c:/st/stm32cubeide_1.7.0/stm32cubeide/plugins/com.st.stm32cube.ide.mcu.externaltools.gnu-tools-for-stm32.9-2020-q2-update.win32_2.0.0.202105311346/tools/bin/../lib/gcc/arm-none-eabi/9.3.1/../../../../arm-none-eabi/lib/thumb/v7e-m+fp/hard\libc_nano.a(lib_a-mlock.o)
                0x000000000800cdd8                __malloc_lock
 .text.__malloc_unlock
                0x000000000800cde4        0xc c:/st/stm32cubeide_1.7.0/stm32cubeide/plugins/com.st.stm32cube.ide.mcu.externaltools.gnu-tools-for-stm32.9-2020-q2-update.win32_2.0.0.202105311346/tools/bin/../lib/gcc/arm-none-eabi/9.3.1/../../../../arm-none-eabi/lib/thumb/v7e-m+fp/hard\libc_nano.a(lib_a-mlock.o)
                0x000000000800cde4                __malloc_unlock
 .text._free_r  0x000000000800cdf0       0xa0 c:/st/stm32cubeide_1.7.0/stm32cubeide/plugins/com.st.stm32cube.ide.mcu.externaltools.gnu-tools-for-stm32.9-2020-q2-update.win32_2.0.0.202105311346/tools/bin/../lib/gcc/arm-none-eabi/9.3.1/../../../../arm-none-eabi/lib/thumb/v7e-m+fp/hard\libc_nano.a(lib_a-nano-freer.o)
                0x000000000800cdf0                _free_r
 .text.__ssputs_r
                0x000000000800ce90       0xb6 c:/st/stm32cubeide_1.7.0/stm32cubeide/plugins/com.st.stm32cube.ide.mcu.externaltools.gnu-tools-for-stm32.9-2020-q2-update.win32_2.0.0.202105311346/tools/bin/../lib/gcc/arm-none-eabi/9.3.1/../../../../arm-none-eabi/lib/thumb/v7e-m+fp/hard\libc_nano.a(lib_a-nano-svfprintf.o)
                0x000000000800ce90                __ssputs_r
 *fill*         0x000000000800cf46        0x2 
 .text._svfprintf_r
                0x000000000800cf48      0x200 c:/st/stm32cubeide_1.7.0/stm32cubeide/plugins/com.st.stm32cube.ide.mcu.externaltools.gnu-tools-for-stm32.9-2020-q2-update.win32_2.0.0.202105311346/tools/bin/../lib/gcc/arm-none-eabi/9.3.1/../../../../arm-none-eabi/lib/thumb/v7e-m+fp/hard\libc_nano.a(lib_a-nano-svfprintf.o)
                0x000000000800cf48                _svfiprintf_r
                0x000000000800cf48                _svfprintf_r
 .text._printf_common
                0x000000000800d148       0xda c:/st/stm32cubeide_1.7.0/stm32cubeide/plugins/com.st.stm32cube.ide.mcu.externaltools.gnu-tools-for-stm32.9-2020-q2-update.win32_2.0.0.202105311346/tools/bin/../lib/gcc/arm-none-eabi/9.3.1/../../../../arm-none-eabi/lib/thumb/v7e-m+fp/hard\libc_nano.a(lib_a-nano-vfprintf_i.o)
                0x000000000800d148                _printf_common
 *fill*         0x000000000800d222        0x2 
 .text._printf_i
                0x000000000800d224      0x24c c:/st/stm32cubeide_1.7.0/stm32cubeide/plugins/com.st.stm32cube.ide.mcu.externaltools.gnu-tools-for-stm32.9-2020-q2-update.win32_2.0.0.202105311346/tools/bin/../lib/gcc/arm-none-eabi/9.3.1/../../../../arm-none-eabi/lib/thumb/v7e-m+fp/hard\libc_nano.a(lib_a-nano-vfprintf_i.o)
                0x000000000800d224                _printf_i
 .text.memmove  0x000000000800d470       0x34 c:/st/stm32cubeide_1.7.0/stm32cubeide/plugins/com.st.stm32cube.ide.mcu.externaltools.gnu-tools-for-stm32.9-2020-q2-update.win32_2.0.0.202105311346/tools/bin/../lib/gcc/arm-none-eabi/9.3.1/../../../../arm-none-eabi/lib/thumb/v7e-m+fp/hard\libc_nano.a(lib_a-memmove.o)
                0x000000000800d470                memmove
 .text._realloc_r
                0x000000000800d4a4       0x4c c:/st/stm32cubeide_1.7.0/stm32cubeide/plugins/com.st.stm32cube.ide.mcu.externaltools.gnu-tools-for-stm32.9-2020-q2-update.win32_2.0.0.202105311346/tools/bin/../lib/gcc/arm-none-eabi/9.3.1/../../../../arm-none-eabi/lib/thumb/v7e-m+fp/hard\libc_nano.a(lib_a-nano-reallocr.o)
                0x000000000800d4a4                _realloc_r
 .text._malloc_usable_size_r
                0x000000000800d4f0       0x10 c:/st/stm32cubeide_1.7.0/stm32cubeide/plugins/com.st.stm32cube.ide.mcu.externaltools.gnu-tools-for-stm32.9-2020-q2-update.win32_2.0.0.202105311346/tools/bin/../lib/gcc/arm-none-eabi/9.3.1/../../../../arm-none-eabi/lib/thumb/v7e-m+fp/hard\libc_nano.a(lib_a-nano-msizer.o)
                0x000000000800d4f0                _malloc_usable_size_r
 *(.glue_7)
 .glue_7        0x000000000800d500        0x0 linker stubs
 *(.glue_7t)
 .glue_7t       0x000000000800d500        0x0 linker stubs
 *(.eh_frame)
 .eh_frame      0x000000000800d500        0x0 c:/st/stm32cubeide_1.7.0/stm32cubeide/plugins/com.st.stm32cube.ide.mcu.externaltools.gnu-tools-for-stm32.9-2020-q2-update.win32_2.0.0.202105311346/tools/bin/../lib/gcc/arm-none-eabi/9.3.1/thumb/v7e-m+fp/hard/crtbegin.o
 *(.init)
 .init          0x000000000800d500        0x4 c:/st/stm32cubeide_1.7.0/stm32cubeide/plugins/com.st.stm32cube.ide.mcu.externaltools.gnu-tools-for-stm32.9-2020-q2-update.win32_2.0.0.202105311346/tools/bin/../lib/gcc/arm-none-eabi/9.3.1/thumb/v7e-m+fp/hard/crti.o
                0x000000000800d500                _init
 .init          0x000000000800d504        0x8 c:/st/stm32cubeide_1.7.0/stm32cubeide/plugins/com.st.stm32cube.ide.mcu.externaltools.gnu-tools-for-stm32.9-2020-q2-update.win32_2.0.0.202105311346/tools/bin/../lib/gcc/arm-none-eabi/9.3.1/thumb/v7e-m+fp/hard/crtn.o
 *(.fini)
 .fini          0x000000000800d50c        0x4 c:/st/stm32cubeide_1.7.0/stm32cubeide/plugins/com.st.stm32cube.ide.mcu.externaltools.gnu-tools-for-stm32.9-2020-q2-update.win32_2.0.0.202105311346/tools/bin/../lib/gcc/arm-none-eabi/9.3.1/thumb/v7e-m+fp/hard/crti.o
                0x000000000800d50c                _fini
 .fini          0x000000000800d510        0x8 c:/st/stm32cubeide_1.7.0/stm32cubeide/plugins/com.st.stm32cube.ide.mcu.externaltools.gnu-tools-for-stm32.9-2020-q2-update.win32_2.0.0.202105311346/tools/bin/../lib/gcc/arm-none-eabi/9.3.1/thumb/v7e-m+fp/hard/crtn.o
                0x000000000800d518                . = ALIGN (0x4)
                0x000000000800d518                _etext = .

.vfp11_veneer   0x000000000800d518        0x0
 .vfp11_veneer  0x000000000800d518        0x0 linker stubs

.v4_bx          0x000000000800d518        0x0
 .v4_bx         0x000000000800d518        0x0 linker stubs

.iplt           0x000000000800d518        0x0
 .iplt          0x000000000800d518        0x0 c:/st/stm32cubeide_1.7.0/stm32cubeide/plugins/com.st.stm32cube.ide.mcu.externaltools.gnu-tools-for-stm32.9-2020-q2-update.win32_2.0.0.202105311346/tools/bin/../lib/gcc/arm-none-eabi/9.3.1/thumb/v7e-m+fp/hard/crtbegin.o

.rodata         0x000000000800d518      0x700
                0x000000000800d518                . = ALIGN (0x4)
 *(.rodata)
 .rodata        0x000000000800d518      0x2e9 ./Core/Src/freertos.o
 *fill*         0x000000000800d801        0x3 
 .rodata        0x000000000800d804       0x3b ./Drivers/STM32F4xx_HAL_Driver/Src/stm32f4xx_hal_cortex.o
 *fill*         0x000000000800d83f        0x1 
 .rodata        0x000000000800d840       0x39 ./Drivers/STM32F4xx_HAL_Driver/Src/stm32f4xx_hal_gpio.o
 *fill*         0x000000000800d879        0x3 
 .rodata        0x000000000800d87c       0x38 ./Drivers/STM32F4xx_HAL_Driver/Src/stm32f4xx_hal_i2c.o
 .rodata        0x000000000800d8b4       0x38 ./Drivers/STM32F4xx_HAL_Driver/Src/stm32f4xx_hal_rcc.o
 .rodata        0x000000000800d8ec       0x38 ./Drivers/STM32F4xx_HAL_Driver/Src/stm32f4xx_hal_spi.o
 .rodata        0x000000000800d924       0x38 ./Drivers/STM32F4xx_HAL_Driver/Src/stm32f4xx_hal_tim.o
 .rodata        0x000000000800d95c       0x39 ./Drivers/STM32F4xx_HAL_Driver/Src/stm32f4xx_hal_uart.o
 *fill*         0x000000000800d995        0x3 
 .rodata        0x000000000800d998       0x44 ./Middlewares/Third_Party/FatFs/src/ff.o
 .rodata        0x000000000800d9dc        0x5 ./Middlewares/Third_Party/FreeRTOS/Source/tasks.o
 *fill*         0x000000000800d9e1        0x3 
 .rodata        0x000000000800d9e4        0xd ./Middlewares/Third_Party/FreeRTOS/Source/timers.o
 *(.rodata*)
 *fill*         0x000000000800d9f1        0x3 
 .rodata.defaultTask_attributes
                0x000000000800d9f4       0x24 ./Core/Src/freertos.o
                0x000000000800d9f4                defaultTask_attributes
 .rodata.rxDataThread_attributes
                0x000000000800da18       0x24 ./Core/Src/freertos.o
                0x000000000800da18                rxDataThread_attributes
 .rodata.txDataThread_attributes
                0x000000000800da3c       0x24 ./Core/Src/freertos.o
                0x000000000800da3c                txDataThread_attributes
 .rodata.telemetryThread_attributes
                0x000000000800da60       0x24 ./Core/Src/freertos.o
                0x000000000800da60                telemetryThread_attributes
 .rodata.accTimer_attributes
                0x000000000800da84       0x10 ./Core/Src/freertos.o
                0x000000000800da84                accTimer_attributes
 .rodata.temperatureTimer_attributes
                0x000000000800da94       0x10 ./Core/Src/freertos.o
                0x000000000800da94                temperatureTimer_attributes
 .rodata.txThreadSem_attributes
                0x000000000800daa4       0x10 ./Core/Src/freertos.o
                0x000000000800daa4                txThreadSem_attributes
 .rodata.rxThreadSem_attributes
                0x000000000800dab4       0x10 ./Core/Src/freertos.o
                0x000000000800dab4                rxThreadSem_attributes
 .rodata.telemetryQueue_attributes
                0x000000000800dac4       0x18 ./Core/Src/freertos.o
                0x000000000800dac4                telemetryQueue_attributes
 .rodata.telemetryFileMutex_attributes
                0x000000000800dadc       0x10 ./Core/Src/freertos.o
                0x000000000800dadc                telemetryFileMutex_attributes
 .rodata.AHBPrescTable
                0x000000000800daec       0x10 ./Core/Src/system_stm32f4xx.o
                0x000000000800daec                AHBPrescTable
 .rodata.APBPrescTable
                0x000000000800dafc        0x8 ./Core/Src/system_stm32f4xx.o
                0x000000000800dafc                APBPrescTable
 .rodata.ExCvt  0x000000000800db04       0x80 ./Middlewares/Third_Party/FatFs/src/ff.o
 .rodata.__sf_fake_stderr
                0x000000000800db84       0x20 c:/st/stm32cubeide_1.7.0/stm32cubeide/plugins/com.st.stm32cube.ide.mcu.externaltools.gnu-tools-for-stm32.9-2020-q2-update.win32_2.0.0.202105311346/tools/bin/../lib/gcc/arm-none-eabi/9.3.1/../../../../arm-none-eabi/lib/thumb/v7e-m+fp/hard\libc_nano.a(lib_a-findfp.o)
                0x000000000800db84                __sf_fake_stderr
 .rodata.__sf_fake_stdin
                0x000000000800dba4       0x20 c:/st/stm32cubeide_1.7.0/stm32cubeide/plugins/com.st.stm32cube.ide.mcu.externaltools.gnu-tools-for-stm32.9-2020-q2-update.win32_2.0.0.202105311346/tools/bin/../lib/gcc/arm-none-eabi/9.3.1/../../../../arm-none-eabi/lib/thumb/v7e-m+fp/hard\libc_nano.a(lib_a-findfp.o)
                0x000000000800dba4                __sf_fake_stdin
 .rodata.__sf_fake_stdout
                0x000000000800dbc4       0x20 c:/st/stm32cubeide_1.7.0/stm32cubeide/plugins/com.st.stm32cube.ide.mcu.externaltools.gnu-tools-for-stm32.9-2020-q2-update.win32_2.0.0.202105311346/tools/bin/../lib/gcc/arm-none-eabi/9.3.1/../../../../arm-none-eabi/lib/thumb/v7e-m+fp/hard\libc_nano.a(lib_a-findfp.o)
                0x000000000800dbc4                __sf_fake_stdout
 .rodata._svfprintf_r.str1.1
                0x000000000800dbe4       0x11 c:/st/stm32cubeide_1.7.0/stm32cubeide/plugins/com.st.stm32cube.ide.mcu.externaltools.gnu-tools-for-stm32.9-2020-q2-update.win32_2.0.0.202105311346/tools/bin/../lib/gcc/arm-none-eabi/9.3.1/../../../../arm-none-eabi/lib/thumb/v7e-m+fp/hard\libc_nano.a(lib_a-nano-svfprintf.o)
 .rodata._printf_i.str1.1
                0x000000000800dbf5       0x22 c:/st/stm32cubeide_1.7.0/stm32cubeide/plugins/com.st.stm32cube.ide.mcu.externaltools.gnu-tools-for-stm32.9-2020-q2-update.win32_2.0.0.202105311346/tools/bin/../lib/gcc/arm-none-eabi/9.3.1/../../../../arm-none-eabi/lib/thumb/v7e-m+fp/hard\libc_nano.a(lib_a-nano-vfprintf_i.o)
                0x000000000800dc18                . = ALIGN (0x4)
 *fill*         0x000000000800dc17        0x1 

.ARM.extab      0x000000000800dc18        0x0
                0x000000000800dc18                . = ALIGN (0x4)
 *(.ARM.extab* .gnu.linkonce.armextab.*)
                0x000000000800dc18                . = ALIGN (0x4)

.ARM            0x000000000800dc18        0x8
                0x000000000800dc18                . = ALIGN (0x4)
                0x000000000800dc18                __exidx_start = .
 *(.ARM.exidx*)
 .ARM.exidx     0x000000000800dc18        0x8 c:/st/stm32cubeide_1.7.0/stm32cubeide/plugins/com.st.stm32cube.ide.mcu.externaltools.gnu-tools-for-stm32.9-2020-q2-update.win32_2.0.0.202105311346/tools/bin/../lib/gcc/arm-none-eabi/9.3.1/thumb/v7e-m+fp/hard\libgcc.a(_udivmoddi4.o)
                0x000000000800dc20                __exidx_end = .
                0x000000000800dc20                . = ALIGN (0x4)

.rel.dyn        0x000000000800dc20        0x0
 .rel.iplt      0x000000000800dc20        0x0 c:/st/stm32cubeide_1.7.0/stm32cubeide/plugins/com.st.stm32cube.ide.mcu.externaltools.gnu-tools-for-stm32.9-2020-q2-update.win32_2.0.0.202105311346/tools/bin/../lib/gcc/arm-none-eabi/9.3.1/thumb/v7e-m+fp/hard/crtbegin.o

.preinit_array  0x000000000800dc20        0x0
                0x000000000800dc20                . = ALIGN (0x4)
                0x000000000800dc20                PROVIDE (__preinit_array_start = .)
 *(.preinit_array*)
                0x000000000800dc20                PROVIDE (__preinit_array_end = .)
                0x000000000800dc20                . = ALIGN (0x4)

.init_array     0x000000000800dc20        0x4
                0x000000000800dc20                . = ALIGN (0x4)
                0x000000000800dc20                PROVIDE (__init_array_start = .)
 *(SORT_BY_NAME(.init_array.*))
 *(.init_array*)
 .init_array    0x000000000800dc20        0x4 c:/st/stm32cubeide_1.7.0/stm32cubeide/plugins/com.st.stm32cube.ide.mcu.externaltools.gnu-tools-for-stm32.9-2020-q2-update.win32_2.0.0.202105311346/tools/bin/../lib/gcc/arm-none-eabi/9.3.1/thumb/v7e-m+fp/hard/crtbegin.o
                0x000000000800dc24                PROVIDE (__init_array_end = .)
                0x000000000800dc24                . = ALIGN (0x4)

.fini_array     0x000000000800dc24        0x4
                0x000000000800dc24                . = ALIGN (0x4)
                [!provide]                        PROVIDE (__fini_array_start = .)
 *(SORT_BY_NAME(.fini_array.*))
 *(.fini_array*)
 .fini_array    0x000000000800dc24        0x4 c:/st/stm32cubeide_1.7.0/stm32cubeide/plugins/com.st.stm32cube.ide.mcu.externaltools.gnu-tools-for-stm32.9-2020-q2-update.win32_2.0.0.202105311346/tools/bin/../lib/gcc/arm-none-eabi/9.3.1/thumb/v7e-m+fp/hard/crtbegin.o
                [!provide]                        PROVIDE (__fini_array_end = .)
                0x000000000800dc28                . = ALIGN (0x4)
                0x000000000800dc28                _sidata = LOADADDR (.data)

.data           0x0000000020000000       0x8c load address 0x000000000800dc28
                0x0000000020000000                . = ALIGN (0x4)
                0x0000000020000000                _sdata = .
 *(.data)
 *(.data*)
 .data.SystemCoreClock
                0x0000000020000000        0x4 ./Core/Src/system_stm32f4xx.o
                0x0000000020000000                SystemCoreClock
 .data.uwTickPrio
                0x0000000020000004        0x4 ./Drivers/STM32F4xx_HAL_Driver/Src/stm32f4xx_hal.o
                0x0000000020000004                uwTickPrio
 .data.uwTickFreq
                0x0000000020000008        0x1 ./Drivers/STM32F4xx_HAL_Driver/Src/stm32f4xx_hal.o
                0x0000000020000008                uwTickFreq
 *fill*         0x0000000020000009        0x3 
 .data.USER_Driver
                0x000000002000000c       0x14 ./FATFS/Target/user_diskio.o
                0x000000002000000c                USER_Driver
 .data.Stat     0x0000000020000020        0x1 ./FATFS/Target/user_diskio_spi.o
 *fill*         0x0000000020000021        0x3 
 .data.uxCriticalNesting
                0x0000000020000024        0x4 ./Middlewares/Third_Party/FreeRTOS/Source/portable/GCC/ARM_CM4F/port.o
 .data._impure_ptr
                0x0000000020000028        0x4 c:/st/stm32cubeide_1.7.0/stm32cubeide/plugins/com.st.stm32cube.ide.mcu.externaltools.gnu-tools-for-stm32.9-2020-q2-update.win32_2.0.0.202105311346/tools/bin/../lib/gcc/arm-none-eabi/9.3.1/../../../../arm-none-eabi/lib/thumb/v7e-m+fp/hard\libc_nano.a(lib_a-impure.o)
                0x0000000020000028                _impure_ptr
 .data.impure_data
                0x000000002000002c       0x60 c:/st/stm32cubeide_1.7.0/stm32cubeide/plugins/com.st.stm32cube.ide.mcu.externaltools.gnu-tools-for-stm32.9-2020-q2-update.win32_2.0.0.202105311346/tools/bin/../lib/gcc/arm-none-eabi/9.3.1/../../../../arm-none-eabi/lib/thumb/v7e-m+fp/hard\libc_nano.a(lib_a-impure.o)
 *(.RamFunc)
 *(.RamFunc*)
                0x000000002000008c                . = ALIGN (0x4)
                0x000000002000008c                _edata = .

.igot.plt       0x000000002000008c        0x0 load address 0x000000000800dcb4
 .igot.plt      0x000000002000008c        0x0 c:/st/stm32cubeide_1.7.0/stm32cubeide/plugins/com.st.stm32cube.ide.mcu.externaltools.gnu-tools-for-stm32.9-2020-q2-update.win32_2.0.0.202105311346/tools/bin/../lib/gcc/arm-none-eabi/9.3.1/thumb/v7e-m+fp/hard/crtbegin.o
                0x000000002000008c                . = ALIGN (0x4)

.bss            0x000000002000008c     0x5610 load address 0x000000000800dcb4
                0x000000002000008c                _sbss = .
                0x000000002000008c                __bss_start__ = _sbss
 *(.bss)
 .bss           0x000000002000008c       0x1c c:/st/stm32cubeide_1.7.0/stm32cubeide/plugins/com.st.stm32cube.ide.mcu.externaltools.gnu-tools-for-stm32.9-2020-q2-update.win32_2.0.0.202105311346/tools/bin/../lib/gcc/arm-none-eabi/9.3.1/thumb/v7e-m+fp/hard/crtbegin.o
 *(.bss*)
 .bss.msg       0x00000000200000a8      0x100 ./Core/Src/freertos.o
 .bss.__sbrk_heap_end
                0x00000000200001a8        0x4 ./Core/Src/sysmem.o
 .bss.CardType  0x00000000200001ac        0x1 ./FATFS/Target/user_diskio_spi.o
 *fill*         0x00000000200001ad        0x3 
 .bss.FatFs     0x00000000200001b0        0x4 ./Middlewares/Third_Party/FatFs/src/ff.o
 .bss.Fsid      0x00000000200001b4        0x2 ./Middlewares/Third_Party/FatFs/src/ff.o
 *fill*         0x00000000200001b6        0x2 
 .bss.Files     0x00000000200001b8       0x20 ./Middlewares/Third_Party/FatFs/src/ff.o
 .bss.disk      0x00000000200001d8        0xc ./Middlewares/Third_Party/FatFs/src/ff_gen_drv.o
                0x00000000200001d8                disk
 .bss.KernelState
                0x00000000200001e4        0x4 ./Middlewares/Third_Party/FreeRTOS/Source/CMSIS_RTOS_V2/cmsis_os2.o
 .bss.Idle_TCB.10413
                0x00000000200001e8       0xbc ./Middlewares/Third_Party/FreeRTOS/Source/CMSIS_RTOS_V2/cmsis_os2.o
 .bss.Idle_Stack.10414
                0x00000000200002a4      0x200 ./Middlewares/Third_Party/FreeRTOS/Source/CMSIS_RTOS_V2/cmsis_os2.o
 .bss.Timer_TCB.10420
                0x00000000200004a4       0xbc ./Middlewares/Third_Party/FreeRTOS/Source/CMSIS_RTOS_V2/cmsis_os2.o
 .bss.Timer_Stack.10421
                0x0000000020000560      0x400 ./Middlewares/Third_Party/FreeRTOS/Source/CMSIS_RTOS_V2/cmsis_os2.o
 .bss.pxCurrentTCB
                0x0000000020000960        0x4 ./Middlewares/Third_Party/FreeRTOS/Source/tasks.o
                0x0000000020000960                pxCurrentTCB
 .bss.pxReadyTasksLists
                0x0000000020000964      0x460 ./Middlewares/Third_Party/FreeRTOS/Source/tasks.o
 .bss.xDelayedTaskList1
                0x0000000020000dc4       0x14 ./Middlewares/Third_Party/FreeRTOS/Source/tasks.o
 .bss.xDelayedTaskList2
                0x0000000020000dd8       0x14 ./Middlewares/Third_Party/FreeRTOS/Source/tasks.o
 .bss.pxDelayedTaskList
                0x0000000020000dec        0x4 ./Middlewares/Third_Party/FreeRTOS/Source/tasks.o
 .bss.pxOverflowDelayedTaskList
                0x0000000020000df0        0x4 ./Middlewares/Third_Party/FreeRTOS/Source/tasks.o
 .bss.xPendingReadyList
                0x0000000020000df4       0x14 ./Middlewares/Third_Party/FreeRTOS/Source/tasks.o
 .bss.xTasksWaitingTermination
                0x0000000020000e08       0x14 ./Middlewares/Third_Party/FreeRTOS/Source/tasks.o
 .bss.uxDeletedTasksWaitingCleanUp
                0x0000000020000e1c        0x4 ./Middlewares/Third_Party/FreeRTOS/Source/tasks.o
 .bss.xSuspendedTaskList
                0x0000000020000e20       0x14 ./Middlewares/Third_Party/FreeRTOS/Source/tasks.o
 .bss.uxCurrentNumberOfTasks
                0x0000000020000e34        0x4 ./Middlewares/Third_Party/FreeRTOS/Source/tasks.o
 .bss.xTickCount
                0x0000000020000e38        0x4 ./Middlewares/Third_Party/FreeRTOS/Source/tasks.o
 .bss.uxTopReadyPriority
                0x0000000020000e3c        0x4 ./Middlewares/Third_Party/FreeRTOS/Source/tasks.o
 .bss.xSchedulerRunning
                0x0000000020000e40        0x4 ./Middlewares/Third_Party/FreeRTOS/Source/tasks.o
 .bss.xPendedTicks
                0x0000000020000e44        0x4 ./Middlewares/Third_Party/FreeRTOS/Source/tasks.o
 .bss.xYieldPending
                0x0000000020000e48        0x4 ./Middlewares/Third_Party/FreeRTOS/Source/tasks.o
 .bss.xNumOfOverflows
                0x0000000020000e4c        0x4 ./Middlewares/Third_Party/FreeRTOS/Source/tasks.o
 .bss.uxTaskNumber
                0x0000000020000e50        0x4 ./Middlewares/Third_Party/FreeRTOS/Source/tasks.o
 .bss.xNextTaskUnblockTime
                0x0000000020000e54        0x4 ./Middlewares/Third_Party/FreeRTOS/Source/tasks.o
 .bss.xIdleTaskHandle
                0x0000000020000e58        0x4 ./Middlewares/Third_Party/FreeRTOS/Source/tasks.o
 .bss.uxSchedulerSuspended
                0x0000000020000e5c        0x4 ./Middlewares/Third_Party/FreeRTOS/Source/tasks.o
 .bss.xActiveTimerList1
                0x0000000020000e60       0x14 ./Middlewares/Third_Party/FreeRTOS/Source/timers.o
 .bss.xActiveTimerList2
                0x0000000020000e74       0x14 ./Middlewares/Third_Party/FreeRTOS/Source/timers.o
 .bss.pxCurrentTimerList
                0x0000000020000e88        0x4 ./Middlewares/Third_Party/FreeRTOS/Source/timers.o
 .bss.pxOverflowTimerList
                0x0000000020000e8c        0x4 ./Middlewares/Third_Party/FreeRTOS/Source/timers.o
 .bss.xTimerQueue
                0x0000000020000e90        0x4 ./Middlewares/Third_Party/FreeRTOS/Source/timers.o
 .bss.xTimerTaskHandle
                0x0000000020000e94        0x4 ./Middlewares/Third_Party/FreeRTOS/Source/timers.o
 .bss.xLastTime.7010
                0x0000000020000e98        0x4 ./Middlewares/Third_Party/FreeRTOS/Source/timers.o
 .bss.ucStaticTimerQueueStorage.7061
                0x0000000020000e9c       0xa0 ./Middlewares/Third_Party/FreeRTOS/Source/timers.o
 .bss.xStaticTimerQueue.7060
                0x0000000020000f3c       0x50 ./Middlewares/Third_Party/FreeRTOS/Source/timers.o
 .bss.ucMaxSysCallPriority
                0x0000000020000f8c        0x1 ./Middlewares/Third_Party/FreeRTOS/Source/portable/GCC/ARM_CM4F/port.o
 *fill*         0x0000000020000f8d        0x3 
 .bss.ulMaxPRIGROUPValue
                0x0000000020000f90        0x4 ./Middlewares/Third_Party/FreeRTOS/Source/portable/GCC/ARM_CM4F/port.o
 .bss.ucHeap    0x0000000020000f94     0x3c00 ./Middlewares/Third_Party/FreeRTOS/Source/portable/MemMang/heap_4.o
 .bss.xStart    0x0000000020004b94        0x8 ./Middlewares/Third_Party/FreeRTOS/Source/portable/MemMang/heap_4.o
 .bss.pxEnd     0x0000000020004b9c        0x4 ./Middlewares/Third_Party/FreeRTOS/Source/portable/MemMang/heap_4.o
 .bss.xFreeBytesRemaining
                0x0000000020004ba0        0x4 ./Middlewares/Third_Party/FreeRTOS/Source/portable/MemMang/heap_4.o
 .bss.xMinimumEverFreeBytesRemaining
                0x0000000020004ba4        0x4 ./Middlewares/Third_Party/FreeRTOS/Source/portable/MemMang/heap_4.o
 .bss.xNumberOfSuccessfulAllocations
                0x0000000020004ba8        0x4 ./Middlewares/Third_Party/FreeRTOS/Source/portable/MemMang/heap_4.o
 .bss.xNumberOfSuccessfulFrees
                0x0000000020004bac        0x4 ./Middlewares/Third_Party/FreeRTOS/Source/portable/MemMang/heap_4.o
 .bss.xBlockAllocatedBit
                0x0000000020004bb0        0x4 ./Middlewares/Third_Party/FreeRTOS/Source/portable/MemMang/heap_4.o
 .bss.__malloc_free_list
                0x0000000020004bb4        0x4 c:/st/stm32cubeide_1.7.0/stm32cubeide/plugins/com.st.stm32cube.ide.mcu.externaltools.gnu-tools-for-stm32.9-2020-q2-update.win32_2.0.0.202105311346/tools/bin/../lib/gcc/arm-none-eabi/9.3.1/../../../../arm-none-eabi/lib/thumb/v7e-m+fp/hard\libc_nano.a(lib_a-nano-mallocr.o)
                0x0000000020004bb4                __malloc_free_list
 .bss.__malloc_sbrk_start
                0x0000000020004bb8        0x4 c:/st/stm32cubeide_1.7.0/stm32cubeide/plugins/com.st.stm32cube.ide.mcu.externaltools.gnu-tools-for-stm32.9-2020-q2-update.win32_2.0.0.202105311346/tools/bin/../lib/gcc/arm-none-eabi/9.3.1/../../../../arm-none-eabi/lib/thumb/v7e-m+fp/hard\libc_nano.a(lib_a-nano-mallocr.o)
                0x0000000020004bb8                __malloc_sbrk_start
 *(COMMON)
 COMMON         0x0000000020004bbc      0x49c ./Core/Src/freertos.o
                0x0000000020004bbc                defaultTaskHandle
                0x0000000020004bc0                notification_buffer
                0x0000000020004bcc                FatFs
                0x0000000020004e00                rxThreadSemHandle
                0x0000000020004e04                telemetryFileMutexHandle
                0x0000000020004e08                accTimerHandle
                0x0000000020004e0c                rxDataThreadHandle
                0x0000000020004e10                telemetryThreadHandle
                0x0000000020004e14                telemetryQueueHandle
                0x0000000020004e18                temperatureTimerHandle
                0x0000000020004e1c                telemetryFile
                0x000000002000504c                txThreadSemHandle
                0x0000000020005050                txDataThreadHandle
                0x0000000020005054                status
 COMMON         0x0000000020005058       0x54 ./Core/Src/i2c.o
                0x0000000020005058                hi2c1
 COMMON         0x00000000200050ac       0x58 ./Core/Src/spi.o
                0x00000000200050ac                hspi1
 COMMON         0x0000000020005104       0x48 ./Core/Src/stm32f4xx_hal_timebase_tim.o
                0x0000000020005104                htim5
 COMMON         0x000000002000514c       0x88 ./Core/Src/usart.o
                0x000000002000514c                huart1
                0x0000000020005190                huart2
 COMMON         0x00000000200051d4        0x4 ./Drivers/STM32F4xx_HAL_Driver/Src/stm32f4xx_hal.o
                0x00000000200051d4                uwTick
 COMMON         0x00000000200051d8      0x46c ./FATFS/App/fatfs.o
                0x00000000200051d8                USERPath
                0x00000000200051dc                retUSER
                0x00000000200051e0                USERFile
                0x0000000020005410                USERFatFS
 COMMON         0x0000000020005644        0x8 ./FATFS/Target/user_diskio_spi.o
                0x0000000020005644                spiTimerTickStart
                0x0000000020005648                spiTimerTickDelay
 COMMON         0x000000002000564c       0x40 ./Middlewares/Third_Party/FreeRTOS/Source/queue.o
                0x000000002000564c                xQueueRegistry
 COMMON         0x000000002000568c        0x9 c:/st/stm32cubeide_1.7.0/stm32cubeide/plugins/com.st.stm32cube.ide.mcu.externaltools.gnu-tools-for-stm32.9-2020-q2-update.win32_2.0.0.202105311346/tools/bin/../lib/gcc/arm-none-eabi/9.3.1/../../../../arm-none-eabi/lib/thumb/v7e-m+fp/hard\libc_nano.a(lib_a-lock.o)
                0x000000002000568c                __lock___atexit_recursive_mutex
                0x000000002000568d                __lock___arc4random_mutex
                0x000000002000568e                __lock___env_recursive_mutex
                0x000000002000568f                __lock___sinit_recursive_mutex
                0x0000000020005690                __lock___malloc_recursive_mutex
                0x0000000020005691                __lock___at_quick_exit_mutex
                0x0000000020005692                __lock___dd_hash_mutex
                0x0000000020005693                __lock___tz_mutex
                0x0000000020005694                __lock___sfp_recursive_mutex
 *fill*         0x0000000020005695        0x3 
 COMMON         0x0000000020005698        0x4 c:/st/stm32cubeide_1.7.0/stm32cubeide/plugins/com.st.stm32cube.ide.mcu.externaltools.gnu-tools-for-stm32.9-2020-q2-update.win32_2.0.0.202105311346/tools/bin/../lib/gcc/arm-none-eabi/9.3.1/../../../../arm-none-eabi/lib/thumb/v7e-m+fp/hard\libc_nano.a(lib_a-reent.o)
                0x0000000020005698                errno
                0x000000002000569c                . = ALIGN (0x4)
                0x000000002000569c                _ebss = .
                0x000000002000569c                __bss_end__ = _ebss

._user_heap_stack
                0x000000002000569c      0x604 load address 0x000000000800dcb4
                0x00000000200056a0                . = ALIGN (0x8)
 *fill*         0x000000002000569c        0x4 
                [!provide]                        PROVIDE (end = .)
                0x00000000200056a0                PROVIDE (_end = .)
                0x00000000200058a0                . = (. + _Min_Heap_Size)
 *fill*         0x00000000200056a0      0x200 
                0x0000000020005ca0                . = (. + _Min_Stack_Size)
 *fill*         0x00000000200058a0      0x400 
                0x0000000020005ca0                . = ALIGN (0x8)

/DISCARD/
 libc.a(*)
 libm.a(*)
 libgcc.a(*)

.ARM.attributes
                0x0000000000000000       0x30
 *(.ARM.attributes)
 .ARM.attributes
                0x0000000000000000       0x1e c:/st/stm32cubeide_1.7.0/stm32cubeide/plugins/com.st.stm32cube.ide.mcu.externaltools.gnu-tools-for-stm32.9-2020-q2-update.win32_2.0.0.202105311346/tools/bin/../lib/gcc/arm-none-eabi/9.3.1/thumb/v7e-m+fp/hard/crti.o
 .ARM.attributes